Archive member included to satisfy reference by file (symbol)

/opt/st/stm32cubeide_1.15.1/plugins/com.st.stm32cube.ide.mcu.externaltools.gnu-tools-for-stm32.12.3.rel1.linux64_1.0.100.202403111256/tools/bin/../lib/gcc/arm-none-eabi/12.3.1/../../../../arm-none-eabi/lib/thumb/v7e-m+fp/hard/libc_nano.a(libc_a-exit.o)
                              /opt/st/stm32cubeide_1.15.1/plugins/com.st.stm32cube.ide.mcu.externaltools.gnu-tools-for-stm32.12.3.rel1.linux64_1.0.100.202403111256/tools/bin/../lib/gcc/arm-none-eabi/12.3.1/../../../../arm-none-eabi/lib/thumb/v7e-m+fp/hard/crt0.o (exit)
/opt/st/stm32cubeide_1.15.1/plugins/com.st.stm32cube.ide.mcu.externaltools.gnu-tools-for-stm32.12.3.rel1.linux64_1.0.100.202403111256/tools/bin/../lib/gcc/arm-none-eabi/12.3.1/../../../../arm-none-eabi/lib/thumb/v7e-m+fp/hard/libc_nano.a(libc_a-nano-vfprintf_float.o)
                              (_printf_float)
/opt/st/stm32cubeide_1.15.1/plugins/com.st.stm32cube.ide.mcu.externaltools.gnu-tools-for-stm32.12.3.rel1.linux64_1.0.100.202403111256/tools/bin/../lib/gcc/arm-none-eabi/12.3.1/../../../../arm-none-eabi/lib/thumb/v7e-m+fp/hard/libc_nano.a(libc_a-nano-vfprintf_i.o)
                              /opt/st/stm32cubeide_1.15.1/plugins/com.st.stm32cube.ide.mcu.externaltools.gnu-tools-for-stm32.12.3.rel1.linux64_1.0.100.202403111256/tools/bin/../lib/gcc/arm-none-eabi/12.3.1/../../../../arm-none-eabi/lib/thumb/v7e-m+fp/hard/libc_nano.a(libc_a-nano-vfprintf_float.o) (_printf_common)
/opt/st/stm32cubeide_1.15.1/plugins/com.st.stm32cube.ide.mcu.externaltools.gnu-tools-for-stm32.12.3.rel1.linux64_1.0.100.202403111256/tools/bin/../lib/gcc/arm-none-eabi/12.3.1/../../../../arm-none-eabi/lib/thumb/v7e-m+fp/hard/libc_nano.a(libc_a-nano-vfscanf_float.o)
                              (_scanf_float)
/opt/st/stm32cubeide_1.15.1/plugins/com.st.stm32cube.ide.mcu.externaltools.gnu-tools-for-stm32.12.3.rel1.linux64_1.0.100.202403111256/tools/bin/../lib/gcc/arm-none-eabi/12.3.1/../../../../arm-none-eabi/lib/thumb/v7e-m+fp/hard/libc_nano.a(libc_a-findfp.o)
                              ./Middlewares/Third_Party/FreeRTOS/Source/tasks.o (__sf)
/opt/st/stm32cubeide_1.15.1/plugins/com.st.stm32cube.ide.mcu.externaltools.gnu-tools-for-stm32.12.3.rel1.linux64_1.0.100.202403111256/tools/bin/../lib/gcc/arm-none-eabi/12.3.1/../../../../arm-none-eabi/lib/thumb/v7e-m+fp/hard/libc_nano.a(libc_a-fwalk.o)
                              /opt/st/stm32cubeide_1.15.1/plugins/com.st.stm32cube.ide.mcu.externaltools.gnu-tools-for-stm32.12.3.rel1.linux64_1.0.100.202403111256/tools/bin/../lib/gcc/arm-none-eabi/12.3.1/../../../../arm-none-eabi/lib/thumb/v7e-m+fp/hard/libc_nano.a(libc_a-findfp.o) (_fwalk_sglue)
/opt/st/stm32cubeide_1.15.1/plugins/com.st.stm32cube.ide.mcu.externaltools.gnu-tools-for-stm32.12.3.rel1.linux64_1.0.100.202403111256/tools/bin/../lib/gcc/arm-none-eabi/12.3.1/../../../../arm-none-eabi/lib/thumb/v7e-m+fp/hard/libc_nano.a(libc_a-snprintf.o)
                              ./Core/Src/ssd1306_tests.o (snprintf)
/opt/st/stm32cubeide_1.15.1/plugins/com.st.stm32cube.ide.mcu.externaltools.gnu-tools-for-stm32.12.3.rel1.linux64_1.0.100.202403111256/tools/bin/../lib/gcc/arm-none-eabi/12.3.1/../../../../arm-none-eabi/lib/thumb/v7e-m+fp/hard/libc_nano.a(libc_a-sprintf.o)
                              ./Core/Src/freertos.o (sprintf)
/opt/st/stm32cubeide_1.15.1/plugins/com.st.stm32cube.ide.mcu.externaltools.gnu-tools-for-stm32.12.3.rel1.linux64_1.0.100.202403111256/tools/bin/../lib/gcc/arm-none-eabi/12.3.1/../../../../arm-none-eabi/lib/thumb/v7e-m+fp/hard/libc_nano.a(libc_a-stdio.o)
                              /opt/st/stm32cubeide_1.15.1/plugins/com.st.stm32cube.ide.mcu.externaltools.gnu-tools-for-stm32.12.3.rel1.linux64_1.0.100.202403111256/tools/bin/../lib/gcc/arm-none-eabi/12.3.1/../../../../arm-none-eabi/lib/thumb/v7e-m+fp/hard/libc_nano.a(libc_a-findfp.o) (__sread)
/opt/st/stm32cubeide_1.15.1/plugins/com.st.stm32cube.ide.mcu.externaltools.gnu-tools-for-stm32.12.3.rel1.linux64_1.0.100.202403111256/tools/bin/../lib/gcc/arm-none-eabi/12.3.1/../../../../arm-none-eabi/lib/thumb/v7e-m+fp/hard/libc_nano.a(libc_a-memmove.o)
                              ./Core/Src/ssd1306_tests.o (memmove)
/opt/st/stm32cubeide_1.15.1/plugins/com.st.stm32cube.ide.mcu.externaltools.gnu-tools-for-stm32.12.3.rel1.linux64_1.0.100.202403111256/tools/bin/../lib/gcc/arm-none-eabi/12.3.1/../../../../arm-none-eabi/lib/thumb/v7e-m+fp/hard/libc_nano.a(libc_a-memset.o)
                              /opt/st/stm32cubeide_1.15.1/plugins/com.st.stm32cube.ide.mcu.externaltools.gnu-tools-for-stm32.12.3.rel1.linux64_1.0.100.202403111256/tools/bin/../lib/gcc/arm-none-eabi/12.3.1/../../../../arm-none-eabi/lib/thumb/v7e-m+fp/hard/crt0.o (memset)
/opt/st/stm32cubeide_1.15.1/plugins/com.st.stm32cube.ide.mcu.externaltools.gnu-tools-for-stm32.12.3.rel1.linux64_1.0.100.202403111256/tools/bin/../lib/gcc/arm-none-eabi/12.3.1/../../../../arm-none-eabi/lib/thumb/v7e-m+fp/hard/libc_nano.a(libc_a-localeconv.o)
[...]
Memory Configuration

Name             Origin             Length             Attributes
CCMRAM           0x10000000         0x00004000         xrw
RAM              0x20000000         0x00010000         xrw
FLASH            0x08000000         0x00080000         xr
*default*        0x00000000         0xffffffff

Linker script and memory map

LOAD /opt/st/stm32cubeide_1.15.1/plugins/com.st.stm32cube.ide.mcu.externaltools.gnu-tools-for-stm32.12.3.rel1.linux64_1.0.100.202403111256/tools/bin/../lib/gcc/arm-none-eabi/12.3.1/thumb/v7e-m+fp/hard/crti.o
LOAD /opt/st/stm32cubeide_1.15.1/plugins/com.st.stm32cube.ide.mcu.externaltools.gnu-tools-for-stm32.12.3.rel1.linux64_1.0.100.202403111256/tools/bin/../lib/gcc/arm-none-eabi/12.3.1/thumb/v7e-m+fp/hard/crtbegin.o
LOAD /opt/st/stm32cubeide_1.15.1/plugins/com.st.stm32cube.ide.mcu.externaltools.gnu-tools-for-stm32.12.3.rel1.linux64_1.0.100.202403111256/tools/bin/../lib/gcc/arm-none-eabi/12.3.1/../../../../arm-none-eabi/lib/thumb/v7e-m+fp/hard/crt0.o
LOAD ./Core/Src/BME280.o
LOAD ./Core/Src/Keypad.o
LOAD ./Core/Src/adc.o
LOAD ./Core/Src/ds3231_for_stm32_hal.o
LOAD ./Core/Src/freertos.o
LOAD ./Core/Src/gpio.o
LOAD ./Core/Src/i2c.o
LOAD ./Core/Src/main.o
LOAD ./Core/Src/ssd1306.o
LOAD ./Core/Src/ssd1306_fonts.o
LOAD ./Core/Src/ssd1306_tests.o
LOAD ./Core/Src/stm32f3xx_hal_msp.o
LOAD ./Core/Src/stm32f3xx_hal_timebase_tim.o
LOAD ./Core/Src/stm32f3xx_it.o
LOAD ./Core/Src/syscalls.o
LOAD ./Core/Src/sysmem.o
LOAD ./Core/Src/system_stm32f3xx.o
LOAD ./Core/Src/tim.o
LOAD ./Core/Src/usart.o
LOAD ./Core/Src/Float_transform/Float_transform.o
LOAD ./Core/Startup/startup_stm32f303retx.o
LOAD ./Drivers/STM32F3xx_HAL_Driver/Src/stm32f3xx_hal.o
LOAD ./Drivers/STM32F3xx_HAL_Driver/Src/stm32f3xx_hal_adc.o
LOAD ./Drivers/STM32F3xx_HAL_Driver/Src/stm32f3xx_hal_adc_ex.o
LOAD ./Drivers/STM32F3xx_HAL_Driver/Src/stm32f3xx_hal_cortex.o
LOAD ./Drivers/STM32F3xx_HAL_Driver/Src/stm32f3xx_hal_dma.o
LOAD ./Drivers/STM32F3xx_HAL_Driver/Src/stm32f3xx_hal_exti.o
LOAD ./Drivers/STM32F3xx_HAL_Driver/Src/stm32f3xx_hal_flash.o
LOAD ./Drivers/STM32F3xx_HAL_Driver/Src/stm32f3xx_hal_flash_ex.o
LOAD ./Drivers/STM32F3xx_HAL_Driver/Src/stm32f3xx_hal_gpio.o
LOAD ./Drivers/STM32F3xx_HAL_Driver/Src/stm32f3xx_hal_i2c.o
LOAD ./Drivers/STM32F3xx_HAL_Driver/Src/stm32f3xx_hal_i2c_ex.o
LOAD ./Drivers/STM32F3xx_HAL_Driver/Src/stm32f3xx_hal_pwr.o
LOAD ./Drivers/STM32F3xx_HAL_Driver/Src/stm32f3xx_hal_pwr_ex.o
LOAD ./Drivers/STM32F3xx_HAL_Driver/Src/stm32f3xx_hal_rcc.o
LOAD ./Drivers/STM32F3xx_HAL_Driver/Src/stm32f3xx_hal_rcc_ex.o
LOAD ./Drivers/STM32F3xx_HAL_Driver/Src/stm32f3xx_hal_tim.o
LOAD ./Drivers/STM32F3xx_HAL_Driver/Src/stm32f3xx_hal_tim_ex.o
LOAD ./Drivers/STM32F3xx_HAL_Driver/Src/stm32f3xx_hal_uart.o
LOAD ./Drivers/STM32F3xx_HAL_Driver/Src/stm32f3xx_hal_uart_ex.o
LOAD ./Middlewares/Third_Party/FreeRTOS/Source/CMSIS_RTOS_V2/cmsis_os2.o
LOAD ./Middlewares/Third_Party/FreeRTOS/Source/croutine.o
LOAD ./Middlewares/Third_Party/FreeRTOS/Source/event_groups.o
LOAD ./Middlewares/Third_Party/FreeRTOS/Source/list.o
LOAD ./Middlewares/Third_Party/FreeRTOS/Source/queue.o
LOAD ./Middlewares/Third_Party/FreeRTOS/Source/stream_buffer.o
LOAD ./Middlewares/Third_Party/FreeRTOS/Source/tasks.o
LOAD ./Middlewares/Third_Party/FreeRTOS/Source/timers.o
LOAD ./Middlewares/Third_Party/FreeRTOS/Source/portable/GCC/ARM_CM4F/port.o
LOAD ./Middlewares/Third_Party/FreeRTOS/Source/portable/MemMang/heap_4.o
START GROUP
LOAD /opt/st/stm32cubeide_1.15.1/plugins/com.st.stm32cube.ide.mcu.externaltools.gnu-tools-for-stm32.12.3.rel1.linux64_1.0.100.202403111256/tools/bin/../lib/gcc/arm-none-eabi/12.3.1/../../../../arm-none-eabi/lib/thumb/v7e-m+fp/hard/libc_nano.a
LOAD /opt/st/stm32cubeide_1.15.1/plugins/com.st.stm32cube.ide.mcu.externaltools.gnu-tools-for-stm32.12.3.rel1.linux64_1.0.100.202403111256/tools/bin/../lib/gcc/arm-none-eabi/12.3.1/../../../../arm-none-eabi/lib/thumb/v7e-m+fp/hard/libm.a
END GROUP
START GROUP
LOAD /opt/st/stm32cubeide_1.15.1/plugins/com.st.stm32cube.ide.mcu.externaltools.gnu-tools-for-stm32.12.3.rel1.linux64_1.0.100.202403111256/tools/bin/../lib/gcc/arm-none-eabi/12.3.1/thumb/v7e-m+fp/hard/libgcc.a
LOAD /opt/st/stm32cubeide_1.15.1/plugins/com.st.stm32cube.ide.mcu.externaltools.gnu-tools-for-stm32.12.3.rel1.linux64_1.0.100.202403111256/tools/bin/../lib/gcc/arm-none-eabi/12.3.1/../../../../arm-none-eabi/lib/thumb/v7e-m+fp/hard/libc_nano.a
END GROUP
START GROUP
LOAD /opt/st/stm32cubeide_1.15.1/plugins/com.st.stm32cube.ide.mcu.externaltools.gnu-tools-for-stm32.12.3.rel1.linux64_1.0.100.202403111256/tools/bin/../lib/gcc/arm-none-eabi/12.3.1/thumb/v7e-m+fp/hard/libgcc.a
LOAD /opt/st/stm32cubeide_1.15.1/plugins/com.st.stm32cube.ide.mcu.externaltools.gnu-tools-for-stm32.12.3.rel1.linux64_1.0.100.202403111256/tools/bin/../lib/gcc/arm-none-eabi/12.3.1/../../../../arm-none-eabi/lib/thumb/v7e-m+fp/hard/libc_nano.a
LOAD /opt/st/stm32cubeide_1.15.1/plugins/com.st.stm32cube.ide.mcu.externaltools.gnu-tools-for-stm32.12.3.rel1.linux64_1.0.100.202403111256/tools/bin/../lib/gcc/arm-none-eabi/12.3.1/../../../../arm-none-eabi/lib/thumb/v7e-m+fp/hard/libnosys.a
END GROUP
START GROUP
LOAD /opt/st/stm32cubeide_1.15.1/plugins/com.st.stm32cube.ide.mcu.externaltools.gnu-tools-for-stm32.12.3.rel1.linux64_1.0.100.202403111256/tools/bin/../lib/gcc/arm-none-eabi/12.3.1/thumb/v7e-m+fp/hard/libgcc.a
LOAD /opt/st/stm32cubeide_1.15.1/plugins/com.st.stm32cube.ide.mcu.externaltools.gnu-tools-for-stm32.12.3.rel1.linux64_1.0.100.202403111256/tools/bin/../lib/gcc/arm-none-eabi/12.3.1/../../../../arm-none-eabi/lib/thumb/v7e-m+fp/hard/libc_nano.a
LOAD /opt/st/stm32cubeide_1.15.1/plugins/com.st.stm32cube.ide.mcu.externaltools.gnu-tools-for-stm32.12.3.rel1.linux64_1.0.100.202403111256/tools/bin/../lib/gcc/arm-none-eabi/12.3.1/../../../../arm-none-eabi/lib/thumb/v7e-m+fp/hard/libnosys.a
END GROUP
LOAD /opt/st/stm32cubeide_1.15.1/plugins/com.st.stm32cube.ide.mcu.externaltools.gnu-tools-for-stm32.12.3.rel1.linux64_1.0.100.202403111256/tools/bin/../lib/gcc/arm-none-eabi/12.3.1/thumb/v7e-m+fp/hard/crtend.o
LOAD /opt/st/stm32cubeide_1.15.1/plugins/com.st.stm32cube.ide.mcu.externaltools.gnu-tools-for-stm32.12.3.rel1.linux64_1.0.100.202403111256/tools/bin/../lib/gcc/arm-none-eabi/12.3.1/thumb/v7e-m+fp/hard/crtn.o
                0x20010000                        _estack = (ORIGIN (RAM) + LENGTH (RAM))
                0x00000200                        _Min_Heap_Size = 0x200
                0x00000400                        _Min_Stack_Size = 0x400

.isr_vector     0x08000000      0x194
                0x08000000                        . = ALIGN (0x4)
 *(.isr_vector)
 .isr_vector    0x08000000      0x194 ./Core/Startup/startup_stm32f303retx.o
                0x08000000                g_pfnVectors
                0x08000194                        . = ALIGN (0x4)

.text           0x080001a0    0x11ffc
                0x080001a0                        . = ALIGN (0x4)
 *(.text)
 .text          0x080001a0       0x40 /opt/st/stm32cubeide_1.15.1/plugins/com.st.stm32cube.ide.mcu.externaltools.gnu-tools-for-stm32.12.3.rel1.linux64_1.0.100.202403111256/tools/bin/../lib/gcc/arm-none-eabi/12.3.1/thumb/v7e-m+fp/hard/crtbegin.o
 .text          0x080001e0       0xa0 /opt/st/stm32cubeide_1.15.1/plugins/com.st.stm32cube.ide.mcu.externaltools.gnu-tools-for-stm32.12.3.rel1.linux64_1.0.100.202403111256/tools/bin/../lib/gcc/arm-none-eabi/12.3.1/../../../../arm-none-eabi/lib/thumb/v7e-m+fp/hard/libc_nano.a(libc_a-memchr.o)
                0x080001e0                memchr
 .text          0x08000280       0x10 /opt/st/stm32cubeide_1.15.1/plugins/com.st.stm32cube.ide.mcu.externaltools.gnu-tools-for-stm32.12.3.rel1.linux64_1.0.100.202403111256/tools/bin/../lib/gcc/arm-none-eabi/12.3.1/../../../../arm-none-eabi/lib/thumb/v7e-m+fp/hard/libc_nano.a(libc_a-strlen.o)
                0x08000280                strlen
 .text          0x08000290      0x378 /opt/st/stm32cubeide_1.15.1/plugins/com.st.stm32cube.ide.mcu.externaltools.gnu-tools-for-stm32.12.3.rel1.linux64_1.0.100.202403111256/tools/bin/../lib/gcc/arm-none-eabi/12.3.1/thumb/v7e-m+fp/hard/libgcc.a(_arm_addsubdf3.o)
                0x08000290                __aeabi_drsub
                0x08000298                __aeabi_dsub
                0x08000298                __subdf3
                0x0800029c                __adddf3
                0x0800029c                __aeabi_dadd
                0x08000514                __aeabi_ui2d
                0x08000514                __floatunsidf
                0x08000534                __floatsidf
                0x08000534                __aeabi_i2d
                0x08000558                __extendsfdf2
                0x08000558                __aeabi_f2d
                0x0800059c                __aeabi_ul2d
                0x0800059c                __floatundidf
                0x080005ac                __floatdidf
                0x080005ac                __aeabi_l2d
 .text          0x08000608      0x424 /opt/st/stm32cubeide_1.15.1/plugins/com.st.stm32cube.ide.mcu.externaltools.gnu-tools-for-stm32.12.3.rel1.linux64_1.0.100.202403111256/tools/bin/../lib/gcc/arm-none-eabi/12.3.1/thumb/v7e-m+fp/hard/libgcc.a(_arm_muldivdf3.o)
                0x08000608                __aeabi_dmul
                0x08000608                __muldf3
                0x0800085c                __aeabi_ddiv
                0x0800085c                __divdf3
 .text          0x08000a2c      0x110 /opt/st/stm32cubeide_1.15.1/plugins/com.st.stm32cube.ide.mcu.externaltools.gnu-tools-for-stm32.12.3.rel1.linux64_1.0.100.202403111256/tools/bin/../lib/gcc/arm-none-eabi/12.3.1/thumb/v7e-m+fp/hard/libgcc.a(_arm_cmpdf2.o)
                0x08000a2c                __gtdf2
                0x08000a2c                __gedf2
                0x08000a34                __ltdf2
                0x08000a34                __ledf2
                0x08000a3c                __cmpdf2
                0x08000a3c                __eqdf2
                0x08000a3c                __nedf2
                0x08000ab8                __aeabi_cdrcmple
                0x08000ac8                __aeabi_cdcmple
                0x08000ac8                __aeabi_cdcmpeq
                0x08000ad8                __aeabi_dcmpeq
                0x08000aec                __aeabi_dcmplt
                0x08000b00                __aeabi_dcmple
                0x08000b14                __aeabi_dcmpge
                0x08000b28                __aeabi_dcmpgt
 .text          0x08000b3c       0x2c /opt/st/stm32cubeide_1.15.1/plugins/com.st.stm32cube.ide.mcu.externaltools.gnu-tools-for-stm32.12.3.rel1.linux64_1.0.100.202403111256/tools/bin/../lib/gcc/arm-none-eabi/12.3.1/thumb/v7e-m+fp/hard/libgcc.a(_arm_unorddf2.o)
                0x08000b3c                __aeabi_dcmpun
                0x08000b3c                __unorddf2
 .text          0x08000b68       0x50 /opt/st/stm32cubeide_1.15.1/plugins/com.st.stm32cube.ide.mcu.externaltools.gnu-tools-for-stm32.12.3.rel1.linux64_1.0.100.202403111256/tools/bin/../lib/gcc/arm-none-eabi/12.3.1/thumb/v7e-m+fp/hard/libgcc.a(_arm_fixdfsi.o)
                0x08000b68                __fixdfsi
                0x08000b68                __aeabi_d2iz
 .text          0x08000bb8       0x40 /opt/st/stm32cubeide_1.15.1/plugins/com.st.stm32cube.ide.mcu.externaltools.gnu-tools-for-stm32.12.3.rel1.linux64_1.0.100.202403111256/tools/bin/../lib/gcc/arm-none-eabi/12.3.1/thumb/v7e-m+fp/hard/libgcc.a(_arm_fixunsdfsi.o)
                0x08000bb8                __fixunsdfsi
                0x08000bb8                __aeabi_d2uiz
 .text          0x08000bf8       0xa0 /opt/st/stm32cubeide_1.15.1/plugins/com.st.stm32cube.ide.mcu.externaltools.gnu-tools-for-stm32.12.3.rel1.linux64_1.0.100.202403111256/tools/bin/../lib/gcc/arm-none-eabi/12.3.1/thumb/v7e-m+fp/hard/libgcc.a(_arm_truncdfsf2.o)
                0x08000bf8                __aeabi_d2f
                0x08000bf8                __truncdfsf2
 .text          0x08000c98       0xa0 /opt/st/stm32cubeide_1.15.1/plugins/com.st.stm32cube.ide.mcu.externaltools.gnu-tools-for-stm32.12.3.rel1.linux64_1.0.100.202403111256/tools/bin/../lib/gcc/arm-none-eabi/12.3.1/thumb/v7e-m+fp/hard/libgcc.a(_aeabi_ldivmod.o)
                0x08000c98                __aeabi_ldivmod
 .text          0x08000d38       0x30 /opt/st/stm32cubeide_1.15.1/plugins/com.st.stm32cube.ide.mcu.externaltools.gnu-tools-for-stm32.12.3.rel1.linux64_1.0.100.202403111256/tools/bin/../lib/gcc/arm-none-eabi/12.3.1/thumb/v7e-m+fp/hard/libgcc.a(_fixdfdi.o)
                0x08000d38                __aeabi_d2lz
                0x08000d38                __fixdfdi
 .text          0x08000d68       0x3c /opt/st/stm32cubeide_1.15.1/plugins/com.st.stm32cube.ide.mcu.externaltools.gnu-tools-for-stm32.12.3.rel1.linux64_1.0.100.202403111256/tools/bin/../lib/gcc/arm-none-eabi/12.3.1/thumb/v7e-m+fp/hard/libgcc.a(_fixunsdfdi.o)
                0x08000d68                __aeabi_d2ulz
                0x08000d68                __fixunsdfdi
 .text          0x08000da4      0x2bc /opt/st/stm32cubeide_1.15.1/plugins/com.st.stm32cube.ide.mcu.externaltools.gnu-tools-for-stm32.12.3.rel1.linux64_1.0.100.202403111256/tools/bin/../lib/gcc/arm-none-eabi/12.3.1/thumb/v7e-m+fp/hard/libgcc.a(_udivmoddi4.o)
                0x08000da4                __udivmoddi4
 .text          0x08001060        0x4 /opt/st/stm32cubeide_1.15.1/plugins/com.st.stm32cube.ide.mcu.externaltools.gnu-tools-for-stm32.12.3.rel1.linux64_1.0.100.202403111256/tools/bin/../lib/gcc/arm-none-eabi/12.3.1/thumb/v7e-m+fp/hard/libgcc.a(_dvmd_tls.o)
                0x08001060                __aeabi_ldiv0
                0x08001060                __aeabi_idiv0
 *(.text*)
 .text.Error    0x08001064       0x14 ./Core/Src/BME280.o
                0x08001064                Error
 .text.I2Cx_WriteData
                0x08001078       0x4c ./Core/Src/BME280.o
 .text.I2Cx_ReadData
                0x080010c4       0x54 ./Core/Src/BME280.o
 .text.I2Cx_ReadData16
                0x08001118       0x4c ./Core/Src/BME280.o
 .text.I2Cx_ReadData24
                0x08001164       0x4c ./Core/Src/BME280.o
 .text.BME280_WriteReg
                0x080011b0       0x24 ./Core/Src/BME280.o
                0x080011b0                BME280_WriteReg
 .text.BME280_ReadReg
                0x080011d4       0x22 ./Core/Src/BME280.o
                0x080011d4                BME280_ReadReg
 .text.BME280_ReadReg_U16
                0x080011f6       0x20 ./Core/Src/BME280.o
                0x080011f6                BME280_ReadReg_U16
 .text.BME280_ReadReg_S16
                0x08001216       0x20 ./Core/Src/BME280.o
                0x08001216                BME280_ReadReg_S16
 .text.BME280_ReadReg_BE_S16
                0x08001236       0x3c ./Core/Src/BME280.o
                0x08001236                BME280_ReadReg_BE_S16
 .text.BME280_ReadReg_BE_U24
                0x08001272       0x46 ./Core/Src/BME280.o
                0x08001272                BME280_ReadReg_BE_U24
 .text.BME280_ReadStatus
                0x080012b8       0x1e ./Core/Src/BME280.o
                0x080012b8                BME280_ReadStatus
 *fill*         0x080012d6        0x2 
 .text.BME280_ReadCoefficients
                0x080012d8      0x118 ./Core/Src/BME280.o
                0x080012d8                BME280_ReadCoefficients
 .text.BME280_SetStandby
                0x080013f0       0x3e ./Core/Src/BME280.o
                0x080013f0                BME280_SetStandby
 .text.BME280_SetFilter
                0x0800142e       0x3e ./Core/Src/BME280.o
                0x0800142e                BME280_SetFilter
 .text.BME280_SetOversamplingTemper
                0x0800146c       0x3e ./Core/Src/BME280.o
                0x0800146c                BME280_SetOversamplingTemper
 .text.BME280_SetOversamplingPressure
                0x080014aa       0x3e ./Core/Src/BME280.o
                0x080014aa                BME280_SetOversamplingPressure
 .text.BME280_SetOversamplingHum
                0x080014e8       0x52 ./Core/Src/BME280.o
                0x080014e8                BME280_SetOversamplingHum
 .text.BME280_SetMode
                0x0800153a       0x3e ./Core/Src/BME280.o
                0x0800153a                BME280_SetMode
 .text.BME280_ReadTemperature
                0x08001578       0xb0 ./Core/Src/BME280.o
                0x08001578                BME280_ReadTemperature
 .text.BME280_ReadPressure
                0x08001628      0x628 ./Core/Src/BME280.o
                0x08001628                BME280_ReadPressure
 .text.BME280_ReadHumidity
                0x08001c50      0x104 ./Core/Src/BME280.o
                0x08001c50                BME280_ReadHumidity
 *fill*         0x08001d54        0x4 
 .text.BME280_ReadAltitude
                0x08001d58       0x94 ./Core/Src/BME280.o
                0x08001d58                BME280_ReadAltitude
 .text.BME280_Init
                0x08001dec       0x92 ./Core/Src/BME280.o
                0x08001dec                BME280_Init
 *fill*         0x08001e7e        0x2 
 .text.pollKeypad
                0x08001e80       0x70 ./Core/Src/Keypad.o
                0x08001e80                pollKeypad
 .text.MX_ADC2_Init
                0x08001ef0       0xbc ./Core/Src/adc.o
                0x08001ef0                MX_ADC2_Init
 .text.HAL_ADC_MspInit
                0x08001fac       0x7c ./Core/Src/adc.o
                0x08001fac                HAL_ADC_MspInit
 .text.DS3231_Init
                0x08002028       0x34 ./Core/Src/ds3231_for_stm32_hal.o
                0x08002028                DS3231_Init
 .text.DS3231_SetRegByte
                0x0800205c       0x3c ./Core/Src/ds3231_for_stm32_hal.o
                0x0800205c                DS3231_SetRegByte
 .text.DS3231_GetRegByte
                0x08002098       0x44 ./Core/Src/ds3231_for_stm32_hal.o
                0x08002098                DS3231_GetRegByte
 .text.DS3231_SetInterruptMode
                0x080020dc       0x40 ./Core/Src/ds3231_for_stm32_hal.o
                0x080020dc                DS3231_SetInterruptMode
 .text.DS3231_EnableAlarm2
                0x0800211c       0x46 ./Core/Src/ds3231_for_stm32_hal.o
                0x0800211c                DS3231_EnableAlarm2
 .text.DS3231_ClearAlarm2Flag
                0x08002162       0x2c ./Core/Src/ds3231_for_stm32_hal.o
                0x08002162                DS3231_ClearAlarm2Flag
 .text.DS3231_EnableAlarm1
                0x0800218e       0x44 ./Core/Src/ds3231_for_stm32_hal.o
                0x0800218e                DS3231_EnableAlarm1
 .text.DS3231_ClearAlarm1Flag
                0x080021d2       0x2c ./Core/Src/ds3231_for_stm32_hal.o
                0x080021d2                DS3231_ClearAlarm1Flag
 .text.DS3231_GetDate
                0x080021fe       0x18 ./Core/Src/ds3231_for_stm32_hal.o
                0x080021fe                DS3231_GetDate
 .text.DS3231_GetMonth
                0x08002216       0x1e ./Core/Src/ds3231_for_stm32_hal.o
                0x08002216                DS3231_GetMonth
 .text.DS3231_GetYear
                0x08002234       0x50 ./Core/Src/ds3231_for_stm32_hal.o
                0x08002234                DS3231_GetYear
 .text.DS3231_GetHour
                0x08002284       0x18 ./Core/Src/ds3231_for_stm32_hal.o
                0x08002284                DS3231_GetHour
 .text.DS3231_GetMinute
                0x0800229c       0x18 ./Core/Src/ds3231_for_stm32_hal.o
                0x0800229c                DS3231_GetMinute
 .text.DS3231_GetSecond
                0x080022b4       0x18 ./Core/Src/ds3231_for_stm32_hal.o
                0x080022b4                DS3231_GetSecond
 .text.DS3231_DecodeBCD
                0x080022cc       0x32 ./Core/Src/ds3231_for_stm32_hal.o
                0x080022cc                DS3231_DecodeBCD
 *fill*         0x080022fe        0x2 
 .text.MX_FREERTOS_Init
                0x08002300       0xb0 ./Core/Src/freertos.o
                0x08002300                MX_FREERTOS_Init
 .text.StartReadBattVoltageTask
                0x080023b0       0xbc ./Core/Src/freertos.o
                0x080023b0                StartReadBattVoltageTask
 .text.StartRenderUITask
                0x0800246c       0xfc ./Core/Src/freertos.o
                0x0800246c                StartRenderUITask
 .text.StartPollKeypadTask
                0x08002568       0x40 ./Core/Src/freertos.o
                0x08002568                StartPollKeypadTask
 .text.StartReadBMEValuesTask
                0x080025a8       0x88 ./Core/Src/freertos.o
                0x080025a8                StartReadBMEValuesTask
 .text.StartReadDateTimeTask
                0x08002630       0x60 ./Core/Src/freertos.o
                0x08002630                StartReadDateTimeTask
 .text.StartBlinkStatusLEDTask
                0x08002690       0x20 ./Core/Src/freertos.o
                0x08002690                StartBlinkStatusLEDTask
 .text.showBatteryMenuVolts
                0x080026b0       0x6c ./Core/Src/freertos.o
 .text.showBatteryMenuPercent
                0x0800271c       0x8c ./Core/Src/freertos.o
 .text.showTemperatureMenu
                0x080027a8       0x8c ./Core/Src/freertos.o
 .text.showTemperatureMenuF
                0x08002834       0xa4 ./Core/Src/freertos.o
 .text.showTimeMenu
                0x080028d8       0x94 ./Core/Src/freertos.o
 .text.showSetTimeMenu
                0x0800296c      0x20c ./Core/Src/freertos.o
 .text.showHumidityMenu
                0x08002b78       0x8c ./Core/Src/freertos.o
 .text.showAltitudeMenu
                0x08002c04       0x8c ./Core/Src/freertos.o
 .text.showPressureMenuHPA
                0x08002c90       0x8c ./Core/Src/freertos.o
 .text.showPressureMenuMMHG
                0x08002d1c       0x8c ./Core/Src/freertos.o
 .text.showSettingsMenu
                0x08002da8       0xd8 ./Core/Src/freertos.o
 .text.makeBeepSound
                0x08002e80       0x30 ./Core/Src/freertos.o
 .text.processKey
                0x08002eb0      0x2e4 ./Core/Src/freertos.o
 .text.MX_GPIO_Init
                0x08003194       0xd0 ./Core/Src/gpio.o
                0x08003194                MX_GPIO_Init
 .text.MX_I2C1_Init
                0x08003264       0x7c ./Core/Src/i2c.o
                0x08003264                MX_I2C1_Init
 .text.HAL_I2C_MspInit
                0x080032e0       0x88 ./Core/Src/i2c.o
                0x080032e0                HAL_I2C_MspInit
 .text.main     0x08003368       0x5c ./Core/Src/main.o
                0x08003368                main
 .text.SystemClock_Config
                0x080033c4       0xd0 ./Core/Src/main.o
                0x080033c4                SystemClock_Config
 .text.HAL_TIM_PeriodElapsedCallback
                0x08003494       0x24 ./Core/Src/main.o
                0x08003494                HAL_TIM_PeriodElapsedCallback
 .text.Error_Handler
                0x080034b8        0xc ./Core/Src/main.o
                0x080034b8                Error_Handler
 .text.ssd1306_Reset
                0x080034c4        0xe ./Core/Src/ssd1306.o
                0x080034c4                ssd1306_Reset
 *fill*         0x080034d2        0x2 
 .text.ssd1306_WriteCommand
                0x080034d4       0x30 ./Core/Src/ssd1306.o
                0x080034d4                ssd1306_WriteCommand
 .text.ssd1306_WriteData
                0x08003504       0x34 ./Core/Src/ssd1306.o
                0x08003504                ssd1306_WriteData
 .text.ssd1306_Init
                0x08003538       0xd4 ./Core/Src/ssd1306.o
                0x08003538                ssd1306_Init
 .text.ssd1306_Fill
                0x0800360c       0x30 ./Core/Src/ssd1306.o
                0x0800360c                ssd1306_Fill
 .text.ssd1306_UpdateScreen
                0x0800363c       0x50 ./Core/Src/ssd1306.o
                0x0800363c                ssd1306_UpdateScreen
 .text.ssd1306_DrawPixel
                0x0800368c       0xa8 ./Core/Src/ssd1306.o
                0x0800368c                ssd1306_DrawPixel
 .text.ssd1306_WriteChar
                0x08003734      0x120 ./Core/Src/ssd1306.o
                0x08003734                ssd1306_WriteChar
 .text.ssd1306_WriteString
                0x08003854       0x4c ./Core/Src/ssd1306.o
                0x08003854                ssd1306_WriteString
 .text.ssd1306_SetCursor
                0x080038a0       0x30 ./Core/Src/ssd1306.o
                0x080038a0                ssd1306_SetCursor
 .text.ssd1306_SetContrast
                0x080038d0       0x26 ./Core/Src/ssd1306.o
                0x080038d0                ssd1306_SetContrast
 *fill*         0x080038f6        0x2 
 .text.ssd1306_SetDisplayOn
                0x080038f8       0x3c ./Core/Src/ssd1306.o
                0x080038f8                ssd1306_SetDisplayOn
 .text.HAL_MspInit
                0x08003934       0x50 ./Core/Src/stm32f3xx_hal_msp.o
                0x08003934                HAL_MspInit
 .text.HAL_InitTick
                0x08003984       0xe0 ./Core/Src/stm32f3xx_hal_timebase_tim.o
                0x08003984                HAL_InitTick
 .text.NMI_Handler
                0x08003a64        0x8 ./Core/Src/stm32f3xx_it.o
                0x08003a64                NMI_Handler
 .text.HardFault_Handler
                0x08003a6c        0x8 ./Core/Src/stm32f3xx_it.o
                0x08003a6c                HardFault_Handler
 .text.MemManage_Handler
                0x08003a74        0x8 ./Core/Src/stm32f3xx_it.o
                0x08003a74                MemManage_Handler
 .text.BusFault_Handler
                0x08003a7c        0x8 ./Core/Src/stm32f3xx_it.o
                0x08003a7c                BusFault_Handler
 .text.UsageFault_Handler
                0x08003a84        0x8 ./Core/Src/stm32f3xx_it.o
                0x08003a84                UsageFault_Handler
 .text.DebugMon_Handler
                0x08003a8c        0xe ./Core/Src/stm32f3xx_it.o
                0x08003a8c                DebugMon_Handler
 *fill*         0x08003a9a        0x2 
 .text.TIM1_TRG_COM_TIM17_IRQHandler
                0x08003a9c       0x14 ./Core/Src/stm32f3xx_it.o
                0x08003a9c                TIM1_TRG_COM_TIM17_IRQHandler
 .text._getpid  0x08003ab0       0x10 ./Core/Src/syscalls.o
                0x08003ab0                _getpid
 .text._kill    0x08003ac0       0x20 ./Core/Src/syscalls.o
                0x08003ac0                _kill
 .text._exit    0x08003ae0       0x16 ./Core/Src/syscalls.o
                0x08003ae0                _exit
 .text._read    0x08003af6       0x3a ./Core/Src/syscalls.o
                0x08003af6                _read
 .text._write   0x08003b30       0x38 ./Core/Src/syscalls.o
                0x08003b30                _write
 .text._close   0x08003b68       0x18 ./Core/Src/syscalls.o
                0x08003b68                _close
 .text._fstat   0x08003b80       0x20 ./Core/Src/syscalls.o
                0x08003b80                _fstat
 .text._isatty  0x08003ba0       0x16 ./Core/Src/syscalls.o
                0x08003ba0                _isatty
 .text._lseek   0x08003bb6       0x1a ./Core/Src/syscalls.o
                0x08003bb6                _lseek
 .text._sbrk    0x08003bd0       0x6c ./Core/Src/sysmem.o
                0x08003bd0                _sbrk
 .text.SystemInit
                0x08003c3c       0x24 ./Core/Src/system_stm32f3xx.o
                0x08003c3c                SystemInit
 .text.MX_TIM3_Init
                0x08003c60       0xb4 ./Core/Src/tim.o
                0x08003c60                MX_TIM3_Init
 .text.HAL_TIM_PWM_MspInit
                0x08003d14       0x40 ./Core/Src/tim.o
                0x08003d14                HAL_TIM_PWM_MspInit
 .text.HAL_TIM_MspPostInit
                0x08003d54       0x6c ./Core/Src/tim.o
                0x08003d54                HAL_TIM_MspPostInit
 .text.MX_USART2_UART_Init
                0x08003dc0       0x60 ./Core/Src/usart.o
                0x08003dc0                MX_USART2_UART_Init
 .text.HAL_UART_MspInit
                0x08003e20       0x84 ./Core/Src/usart.o
                0x08003e20                HAL_UART_MspInit
 .text.Float_transform
                0x08003ea4       0xe4 ./Core/Src/Float_transform/Float_transform.o
                0x08003ea4                Float_transform
 .text.Reset_Handler
                0x08003f88       0x50 ./Core/Startup/startup_stm32f303retx.o
                0x08003f88                Reset_Handler
 .text.Default_Handler
                0x08003fd8        0x2 ./Core/Startup/startup_stm32f303retx.o
                0x08003fd8                RTC_Alarm_IRQHandler
                0x08003fd8                TIM8_TRG_COM_IRQHandler
                0x08003fd8                TIM8_CC_IRQHandler
                0x08003fd8                SPI4_IRQHandler
                0x08003fd8                TIM1_CC_IRQHandler
                0x08003fd8                USB_HP_IRQHandler
                0x08003fd8                PVD_IRQHandler
                0x08003fd8                TAMP_STAMP_IRQHandler
                0x08003fd8                EXTI3_IRQHandler
                0x08003fd8                I2C3_ER_IRQHandler
                0x08003fd8                USB_HP_CAN_TX_IRQHandler
                0x08003fd8                EXTI0_IRQHandler
                0x08003fd8                I2C2_EV_IRQHandler
                0x08003fd8                FPU_IRQHandler
                0x08003fd8                TIM1_UP_TIM16_IRQHandler
                0x08003fd8                ADC1_2_IRQHandler
                0x08003fd8                SPI1_IRQHandler
                0x08003fd8                CAN_SCE_IRQHandler
                0x08003fd8                TIM6_DAC_IRQHandler
                0x08003fd8                TIM8_UP_IRQHandler
                0x08003fd8                DMA2_Channel2_IRQHandler
                0x08003fd8                DMA1_Channel4_IRQHandler
                0x08003fd8                TIM20_TRG_COM_IRQHandler
                0x08003fd8                USART3_IRQHandler
                0x08003fd8                DMA1_Channel7_IRQHandler
                0x08003fd8                UART5_IRQHandler
                0x08003fd8                ADC3_IRQHandler
                0x08003fd8                TIM4_IRQHandler
                0x08003fd8                CAN_RX1_IRQHandler
                0x08003fd8                DMA2_Channel1_IRQHandler
                0x08003fd8                I2C1_EV_IRQHandler
                0x08003fd8                DMA1_Channel6_IRQHandler
                0x08003fd8                UART4_IRQHandler
                0x08003fd8                DMA2_Channel4_IRQHandler
                0x08003fd8                TIM3_IRQHandler
                0x08003fd8                RCC_IRQHandler
                0x08003fd8                TIM20_UP_IRQHandler
                0x08003fd8                DMA1_Channel1_IRQHandler
                0x08003fd8                Default_Handler
                0x08003fd8                USBWakeUp_RMP_IRQHandler
                0x08003fd8                EXTI15_10_IRQHandler
                0x08003fd8                TIM7_IRQHandler
                0x08003fd8                I2C3_EV_IRQHandler
                0x08003fd8                EXTI9_5_IRQHandler
                0x08003fd8                RTC_WKUP_IRQHandler
                0x08003fd8                SPI2_IRQHandler
                0x08003fd8                USB_LP_CAN_RX0_IRQHandler
                0x08003fd8                DMA2_Channel5_IRQHandler
                0x08003fd8                DMA1_Channel5_IRQHandler
                0x08003fd8                USB_LP_IRQHandler
                0x08003fd8                EXTI4_IRQHandler
                0x08003fd8                DMA1_Channel3_IRQHandler
                0x08003fd8                ADC4_IRQHandler
                0x08003fd8                WWDG_IRQHandler
                0x08003fd8                TIM2_IRQHandler
                0x08003fd8                COMP7_IRQHandler
                0x08003fd8                COMP1_2_3_IRQHandler
                0x08003fd8                EXTI1_IRQHandler
                0x08003fd8                USART2_IRQHandler
                0x08003fd8                COMP4_5_6_IRQHandler
                0x08003fd8                TIM20_BRK_IRQHandler
                0x08003fd8                I2C2_ER_IRQHandler
                0x08003fd8                DMA1_Channel2_IRQHandler
                0x08003fd8                TIM8_BRK_IRQHandler
                0x08003fd8                FLASH_IRQHandler
                0x08003fd8                TIM20_CC_IRQHandler
                0x08003fd8                USART1_IRQHandler
                0x08003fd8                SPI3_IRQHandler
                0x08003fd8                I2C1_ER_IRQHandler
                0x08003fd8                FMC_IRQHandler
                0x08003fd8                USBWakeUp_IRQHandler
                0x08003fd8                DMA2_Channel3_IRQHandler
                0x08003fd8                EXTI2_TSC_IRQHandler
                0x08003fd8                TIM1_BRK_TIM15_IRQHandler
 *fill*         0x08003fda        0x2 
 .text.HAL_Init
                0x08003fdc       0x2c ./Drivers/STM32F3xx_HAL_Driver/Src/stm32f3xx_hal.o
                0x08003fdc                HAL_Init
 .text.HAL_IncTick
                0x08004008       0x28 ./Drivers/STM32F3xx_HAL_Driver/Src/stm32f3xx_hal.o
                0x08004008                HAL_IncTick
 .text.HAL_GetTick
                0x08004030       0x18 ./Drivers/STM32F3xx_HAL_Driver/Src/stm32f3xx_hal.o
                0x08004030                HAL_GetTick
 .text.HAL_Delay
                0x08004048       0x48 ./Drivers/STM32F3xx_HAL_Driver/Src/stm32f3xx_hal.o
                0x08004048                HAL_Delay
 .text.HAL_ADC_Init
                0x08004090      0x3f4 ./Drivers/STM32F3xx_HAL_Driver/Src/stm32f3xx_hal_adc_ex.o
                0x08004090                HAL_ADC_Init
 .text.HAL_ADC_Start
                0x08004484      0x22c ./Drivers/STM32F3xx_HAL_Driver/Src/stm32f3xx_hal_adc_ex.o
                0x08004484                HAL_ADC_Start
 .text.HAL_ADC_Stop
                0x080046b0       0x6a ./Drivers/STM32F3xx_HAL_Driver/Src/stm32f3xx_hal_adc_ex.o
                0x080046b0                HAL_ADC_Stop
 *fill*         0x0800471a        0x2 
 .text.HAL_ADC_PollForConversion
                0x0800471c      0x204 ./Drivers/STM32F3xx_HAL_Driver/Src/stm32f3xx_hal_adc_ex.o
                0x0800471c                HAL_ADC_PollForConversion
 .text.HAL_ADC_GetValue
                0x08004920       0x1a ./Drivers/STM32F3xx_HAL_Driver/Src/stm32f3xx_hal_adc_ex.o
                0x08004920                HAL_ADC_GetValue
 .text.HAL_ADCEx_Calibration_Start
                0x0800493a       0xe4 ./Drivers/STM32F3xx_HAL_Driver/Src/stm32f3xx_hal_adc_ex.o
                0x0800493a                HAL_ADCEx_Calibration_Start
 *fill*         0x08004a1e        0x2 
 .text.HAL_ADC_ConfigChannel
                0x08004a20      0x5d4 ./Drivers/STM32F3xx_HAL_Driver/Src/stm32f3xx_hal_adc_ex.o
                0x08004a20                HAL_ADC_ConfigChannel
 .text.ADC_Enable
                0x08004ff4       0xc8 ./Drivers/STM32F3xx_HAL_Driver/Src/stm32f3xx_hal_adc_ex.o
 .text.ADC_Disable
                0x080050bc       0xcc ./Drivers/STM32F3xx_HAL_Driver/Src/stm32f3xx_hal_adc_ex.o
 .text.ADC_ConversionStop
                0x08005188      0x16c ./Drivers/STM32F3xx_HAL_Driver/Src/stm32f3xx_hal_adc_ex.o
 .text.__NVIC_SetPriorityGrouping
                0x080052f4       0x48 ./Drivers/STM32F3xx_HAL_Driver/Src/stm32f3xx_hal_cortex.o
 .text.__NVIC_GetPriorityGrouping
                0x0800533c       0x1c ./Drivers/STM32F3xx_HAL_Driver/Src/stm32f3xx_hal_cortex.o
 .text.__NVIC_EnableIRQ
                0x08005358       0x3c ./Drivers/STM32F3xx_HAL_Driver/Src/stm32f3xx_hal_cortex.o
 .text.__NVIC_SetPriority
                0x08005394       0x54 ./Drivers/STM32F3xx_HAL_Driver/Src/stm32f3xx_hal_cortex.o
 .text.NVIC_EncodePriority
                0x080053e8       0x66 ./Drivers/STM32F3xx_HAL_Driver/Src/stm32f3xx_hal_cortex.o
 .text.HAL_NVIC_SetPriorityGrouping
                0x0800544e       0x16 ./Drivers/STM32F3xx_HAL_Driver/Src/stm32f3xx_hal_cortex.o
                0x0800544e                HAL_NVIC_SetPriorityGrouping
 .text.HAL_NVIC_SetPriority
                0x08005464       0x38 ./Drivers/STM32F3xx_HAL_Driver/Src/stm32f3xx_hal_cortex.o
                0x08005464                HAL_NVIC_SetPriority
 .text.HAL_NVIC_EnableIRQ
                0x0800549c       0x1c ./Drivers/STM32F3xx_HAL_Driver/Src/stm32f3xx_hal_cortex.o
                0x0800549c                HAL_NVIC_EnableIRQ
 .text.HAL_GPIO_Init
                0x080054b8      0x314 ./Drivers/STM32F3xx_HAL_Driver/Src/stm32f3xx_hal_gpio.o
                0x080054b8                HAL_GPIO_Init
 .text.HAL_GPIO_ReadPin
                0x080057cc       0x30 ./Drivers/STM32F3xx_HAL_Driver/Src/stm32f3xx_hal_gpio.o
                0x080057cc                HAL_GPIO_ReadPin
 .text.HAL_GPIO_WritePin
                0x080057fc       0x30 ./Drivers/STM32F3xx_HAL_Driver/Src/stm32f3xx_hal_gpio.o
                0x080057fc                HAL_GPIO_WritePin
 .text.HAL_GPIO_TogglePin
                0x0800582c       0x34 ./Drivers/STM32F3xx_HAL_Driver/Src/stm32f3xx_hal_gpio.o
                0x0800582c                HAL_GPIO_TogglePin
 .text.HAL_I2C_Init
                0x08005860      0x136 ./Drivers/STM32F3xx_HAL_Driver/Src/stm32f3xx_hal_i2c.o
                0x08005860                HAL_I2C_Init
 *fill*         0x08005996        0x2 
 .text.HAL_I2C_Master_Transmit
                0x08005998      0x230 ./Drivers/STM32F3xx_HAL_Driver/Src/stm32f3xx_hal_i2c.o
                0x08005998                HAL_I2C_Master_Transmit
 .text.HAL_I2C_Master_Receive
                0x08005bc8      0x1ec ./Drivers/STM32F3xx_HAL_Driver/Src/stm32f3xx_hal_i2c.o
                0x08005bc8                HAL_I2C_Master_Receive
 .text.HAL_I2C_Mem_Write
                0x08005db4      0x228 ./Drivers/STM32F3xx_HAL_Driver/Src/stm32f3xx_hal_i2c.o
                0x08005db4                HAL_I2C_Mem_Write
 .text.HAL_I2C_Mem_Read
                0x08005fdc      0x234 ./Drivers/STM32F3xx_HAL_Driver/Src/stm32f3xx_hal_i2c.o
                0x08005fdc                HAL_I2C_Mem_Read
 .text.I2C_RequestMemoryWrite
                0x08006210       0xa8 ./Drivers/STM32F3xx_HAL_Driver/Src/stm32f3xx_hal_i2c.o
 .text.I2C_RequestMemoryRead
                0x080062b8       0xa8 ./Drivers/STM32F3xx_HAL_Driver/Src/stm32f3xx_hal_i2c.o
 .text.I2C_Flush_TXDR
                0x08006360       0x48 ./Drivers/STM32F3xx_HAL_Driver/Src/stm32f3xx_hal_i2c.o
 .text.I2C_WaitOnFlagUntilTimeout
                0x080063a8       0xb2 ./Drivers/STM32F3xx_HAL_Driver/Src/stm32f3xx_hal_i2c.o
 .text.I2C_WaitOnTXISFlagUntilTimeout
                0x0800645a       0x8e ./Drivers/STM32F3xx_HAL_Driver/Src/stm32f3xx_hal_i2c.o
 .text.I2C_WaitOnSTOPFlagUntilTimeout
                0x080064e8       0x86 ./Drivers/STM32F3xx_HAL_Driver/Src/stm32f3xx_hal_i2c.o
 *fill*         0x0800656e        0x2 
 .text.I2C_WaitOnRXNEFlagUntilTimeout
                0x08006570      0x118 ./Drivers/STM32F3xx_HAL_Driver/Src/stm32f3xx_hal_i2c.o
 .text.I2C_IsErrorOccurred
                0x08006688      0x1c0 ./Drivers/STM32F3xx_HAL_Driver/Src/stm32f3xx_hal_i2c.o
 .text.I2C_TransferConfig
                0x08006848       0x64 ./Drivers/STM32F3xx_HAL_Driver/Src/stm32f3xx_hal_i2c.o
 .text.HAL_I2CEx_ConfigAnalogFilter
                0x080068ac       0x96 ./Drivers/STM32F3xx_HAL_Driver/Src/stm32f3xx_hal_i2c_ex.o
                0x080068ac                HAL_I2CEx_ConfigAnalogFilter
 .text.HAL_I2CEx_ConfigDigitalFilter
                0x08006942       0x98 ./Drivers/STM32F3xx_HAL_Driver/Src/stm32f3xx_hal_i2c_ex.o
                0x08006942                HAL_I2CEx_ConfigDigitalFilter
 *fill*         0x080069da        0x2 
 .text.HAL_RCC_OscConfig
                0x080069dc     0x10a8 ./Drivers/STM32F3xx_HAL_Driver/Src/stm32f3xx_hal_rcc.o
                0x080069dc                HAL_RCC_OscConfig
 .text.HAL_RCC_ClockConfig
                0x08007a84      0x2f8 ./Drivers/STM32F3xx_HAL_Driver/Src/stm32f3xx_hal_rcc.o
                0x08007a84                HAL_RCC_ClockConfig
 .text.HAL_RCC_GetSysClockFreq
                0x08007d7c       0xa8 ./Drivers/STM32F3xx_HAL_Driver/Src/stm32f3xx_hal_rcc.o
                0x08007d7c                HAL_RCC_GetSysClockFreq
 .text.HAL_RCC_GetHCLKFreq
                0x08007e24       0x18 ./Drivers/STM32F3xx_HAL_Driver/Src/stm32f3xx_hal_rcc.o
                0x08007e24                HAL_RCC_GetHCLKFreq
 .text.HAL_RCC_GetPCLK1Freq
                0x08007e3c       0x44 ./Drivers/STM32F3xx_HAL_Driver/Src/stm32f3xx_hal_rcc.o
                0x08007e3c                HAL_RCC_GetPCLK1Freq
 .text.HAL_RCC_GetPCLK2Freq
                0x08007e80       0x44 ./Drivers/STM32F3xx_HAL_Driver/Src/stm32f3xx_hal_rcc.o
                0x08007e80                HAL_RCC_GetPCLK2Freq
 .text.HAL_RCC_GetClockConfig
                0x08007ec4       0x64 ./Drivers/STM32F3xx_HAL_Driver/Src/stm32f3xx_hal_rcc.o
                0x08007ec4                HAL_RCC_GetClockConfig
 .text.HAL_RCCEx_PeriphCLKConfig
                0x08007f28      0x43c ./Drivers/STM32F3xx_HAL_Driver/Src/stm32f3xx_hal_rcc_ex.o
                0x08007f28                HAL_RCCEx_PeriphCLKConfig
 .text.HAL_TIM_Base_Init
                0x08008364       0xae ./Drivers/STM32F3xx_HAL_Driver/Src/stm32f3xx_hal_tim.o
                0x08008364                HAL_TIM_Base_Init
 .text.HAL_TIM_Base_MspInit
                0x08008412       0x14 ./Drivers/STM32F3xx_HAL_Driver/Src/stm32f3xx_hal_tim.o
                0x08008412                HAL_TIM_Base_MspInit
 *fill*         0x08008426        0x2 
 .text.HAL_TIM_Base_Start_IT
                0x08008428       0xe0 ./Drivers/STM32F3xx_HAL_Driver/Src/stm32f3xx_hal_tim.o
                0x08008428                HAL_TIM_Base_Start_IT
 .text.HAL_TIM_PWM_Init
                0x08008508       0xae ./Drivers/STM32F3xx_HAL_Driver/Src/stm32f3xx_hal_tim.o
                0x08008508                HAL_TIM_PWM_Init
 *fill*         0x080085b6        0x2 
 .text.HAL_TIM_PWM_Start
                0x080085b8      0x218 ./Drivers/STM32F3xx_HAL_Driver/Src/stm32f3xx_hal_tim.o
                0x080085b8                HAL_TIM_PWM_Start
 .text.HAL_TIM_IRQHandler
                0x080087d0      0x204 ./Drivers/STM32F3xx_HAL_Driver/Src/stm32f3xx_hal_tim.o
                0x080087d0                HAL_TIM_IRQHandler
 .text.HAL_TIM_PWM_ConfigChannel
                0x080089d4      0x228 ./Drivers/STM32F3xx_HAL_Driver/Src/stm32f3xx_hal_tim.o
                0x080089d4                HAL_TIM_PWM_ConfigChannel
 .text.HAL_TIM_OC_DelayElapsedCallback
                0x08008bfc       0x14 ./Drivers/STM32F3xx_HAL_Driver/Src/stm32f3xx_hal_tim.o
                0x08008bfc                HAL_TIM_OC_DelayElapsedCallback
 .text.HAL_TIM_IC_CaptureCallback
                0x08008c10       0x14 ./Drivers/STM32F3xx_HAL_Driver/Src/stm32f3xx_hal_tim.o
                0x08008c10                HAL_TIM_IC_CaptureCallback
 .text.HAL_TIM_PWM_PulseFinishedCallback
                0x08008c24       0x14 ./Drivers/STM32F3xx_HAL_Driver/Src/stm32f3xx_hal_tim.o
                0x08008c24                HAL_TIM_PWM_PulseFinishedCallback
 .text.HAL_TIM_TriggerCallback
                0x08008c38       0x14 ./Drivers/STM32F3xx_HAL_Driver/Src/stm32f3xx_hal_tim.o
                0x08008c38                HAL_TIM_TriggerCallback
 .text.TIM_Base_SetConfig
                0x08008c4c      0x154 ./Drivers/STM32F3xx_HAL_Driver/Src/stm32f3xx_hal_tim.o
                0x08008c4c                TIM_Base_SetConfig
 .text.TIM_OC1_SetConfig
                0x08008da0      0x134 ./Drivers/STM32F3xx_HAL_Driver/Src/stm32f3xx_hal_tim.o
 .text.TIM_OC2_SetConfig
                0x08008ed4      0x128 ./Drivers/STM32F3xx_HAL_Driver/Src/stm32f3xx_hal_tim.o
                0x08008ed4                TIM_OC2_SetConfig
 .text.TIM_OC3_SetConfig
                0x08008ffc      0x124 ./Drivers/STM32F3xx_HAL_Driver/Src/stm32f3xx_hal_tim.o
 .text.TIM_OC4_SetConfig
                0x08009120       0xe0 ./Drivers/STM32F3xx_HAL_Driver/Src/stm32f3xx_hal_tim.o
 .text.TIM_OC5_SetConfig
                0x08009200       0xd4 ./Drivers/STM32F3xx_HAL_Driver/Src/stm32f3xx_hal_tim.o
 .text.TIM_OC6_SetConfig
                0x080092d4       0xd8 ./Drivers/STM32F3xx_HAL_Driver/Src/stm32f3xx_hal_tim.o
 .text.TIM_CCxChannelCmd
                0x080093ac       0x4a ./Drivers/STM32F3xx_HAL_Driver/Src/stm32f3xx_hal_tim.o
                0x080093ac                TIM_CCxChannelCmd
 *fill*         0x080093f6        0x2 
 .text.HAL_TIMEx_MasterConfigSynchronization
                0x080093f8      0x118 ./Drivers/STM32F3xx_HAL_Driver/Src/stm32f3xx_hal_tim_ex.o
                0x080093f8                HAL_TIMEx_MasterConfigSynchronization
 .text.HAL_TIMEx_CommutCallback
                0x08009510       0x14 ./Drivers/STM32F3xx_HAL_Driver/Src/stm32f3xx_hal_tim_ex.o
                0x08009510                HAL_TIMEx_CommutCallback
 .text.HAL_TIMEx_BreakCallback
                0x08009524       0x14 ./Drivers/STM32F3xx_HAL_Driver/Src/stm32f3xx_hal_tim_ex.o
                0x08009524                HAL_TIMEx_BreakCallback
 .text.HAL_TIMEx_Break2Callback
                0x08009538       0x14 ./Drivers/STM32F3xx_HAL_Driver/Src/stm32f3xx_hal_tim_ex.o
                0x08009538                HAL_TIMEx_Break2Callback
 .text.HAL_UART_Init
                0x0800954c       0x9c ./Drivers/STM32F3xx_HAL_Driver/Src/stm32f3xx_hal_uart.o
                0x0800954c                HAL_UART_Init
 .text.UART_SetConfig
                0x080095e8      0x3a8 ./Drivers/STM32F3xx_HAL_Driver/Src/stm32f3xx_hal_uart.o
                0x080095e8                UART_SetConfig
 .text.UART_AdvFeatureConfig
                0x08009990      0x144 ./Drivers/STM32F3xx_HAL_Driver/Src/stm32f3xx_hal_uart.o
                0x08009990                UART_AdvFeatureConfig
 .text.UART_CheckIdleState
                0x08009ad4      0x150 ./Drivers/STM32F3xx_HAL_Driver/Src/stm32f3xx_hal_uart.o
                0x08009ad4                UART_CheckIdleState
 .text.UART_WaitOnFlagUntilTimeout
                0x08009c24       0xda ./Drivers/STM32F3xx_HAL_Driver/Src/stm32f3xx_hal_uart.o
                0x08009c24                UART_WaitOnFlagUntilTimeout
 .text.UART_EndRxTransfer
                0x08009cfe       0xc8 ./Drivers/STM32F3xx_HAL_Driver/Src/stm32f3xx_hal_uart.o
 *fill*         0x08009dc6        0x2 
 .text.osKernelInitialize
                0x08009dc8       0x68 ./Middlewares/Third_Party/FreeRTOS/Source/CMSIS_RTOS_V2/cmsis_os2.o
                0x08009dc8                osKernelInitialize
 .text.osKernelStart
                0x08009e30       0x68 ./Middlewares/Third_Party/FreeRTOS/Source/CMSIS_RTOS_V2/cmsis_os2.o
                0x08009e30                osKernelStart
 .text.osThreadNew
                0x08009e98      0x154 ./Middlewares/Third_Party/FreeRTOS/Source/CMSIS_RTOS_V2/cmsis_os2.o
                0x08009e98                osThreadNew
 .text.osDelay  0x08009fec       0x5c ./Middlewares/Third_Party/FreeRTOS/Source/CMSIS_RTOS_V2/cmsis_os2.o
                0x08009fec                osDelay
 .text.vApplicationGetIdleTaskMemory
                0x0800a048       0x34 ./Middlewares/Third_Party/FreeRTOS/Source/CMSIS_RTOS_V2/cmsis_os2.o
                0x0800a048                vApplicationGetIdleTaskMemory
 .text.vApplicationGetTimerTaskMemory
                0x0800a07c       0x34 ./Middlewares/Third_Party/FreeRTOS/Source/CMSIS_RTOS_V2/cmsis_os2.o
                0x0800a07c                vApplicationGetTimerTaskMemory
 .text.vListInitialise
                0x0800a0b0       0x40 ./Middlewares/Third_Party/FreeRTOS/Source/list.o
                0x0800a0b0                vListInitialise
 .text.vListInitialiseItem
                0x0800a0f0       0x1a ./Middlewares/Third_Party/FreeRTOS/Source/list.o
                0x0800a0f0                vListInitialiseItem
 .text.vListInsertEnd
                0x0800a10a       0x48 ./Middlewares/Third_Party/FreeRTOS/Source/list.o
                0x0800a10a                vListInsertEnd
 .text.vListInsert
                0x0800a152       0x72 ./Middlewares/Third_Party/FreeRTOS/Source/list.o
                0x0800a152                vListInsert
 .text.uxListRemove
                0x0800a1c4       0x54 ./Middlewares/Third_Party/FreeRTOS/Source/list.o
                0x0800a1c4                uxListRemove
 .text.xQueueGenericReset
                0x0800a218       0xd4 ./Middlewares/Third_Party/FreeRTOS/Source/queue.o
                0x0800a218                xQueueGenericReset
 .text.xQueueGenericCreateStatic
                0x0800a2ec       0xf8 ./Middlewares/Third_Party/FreeRTOS/Source/queue.o
                0x0800a2ec                xQueueGenericCreateStatic
 .text.prvInitialiseNewQueue
                0x0800a3e4       0x46 ./Middlewares/Third_Party/FreeRTOS/Source/queue.o
 *fill*         0x0800a42a        0x2 
 .text.xQueueGenericSend
                0x0800a42c      0x204 ./Middlewares/Third_Party/FreeRTOS/Source/queue.o
                0x0800a42c                xQueueGenericSend
 .text.xQueueGenericSendFromISR
                0x0800a630      0x136 ./Middlewares/Third_Party/FreeRTOS/Source/queue.o
                0x0800a630                xQueueGenericSendFromISR
 *fill*         0x0800a766        0x2 
 .text.xQueueReceive
                0x0800a768      0x1c4 ./Middlewares/Third_Party/FreeRTOS/Source/queue.o
                0x0800a768                xQueueReceive
 .text.prvCopyDataToQueue
                0x0800a92c       0xd4 ./Middlewares/Third_Party/FreeRTOS/Source/queue.o
 .text.prvCopyDataFromQueue
                0x0800aa00       0x4c ./Middlewares/Third_Party/FreeRTOS/Source/queue.o
 .text.prvUnlockQueue
                0x0800aa4c       0xa4 ./Middlewares/Third_Party/FreeRTOS/Source/queue.o
 .text.prvIsQueueEmpty
                0x0800aaf0       0x2c ./Middlewares/Third_Party/FreeRTOS/Source/queue.o
 .text.prvIsQueueFull
                0x0800ab1c       0x30 ./Middlewares/Third_Party/FreeRTOS/Source/queue.o
 .text.vQueueAddToRegistry
                0x0800ab4c       0x54 ./Middlewares/Third_Party/FreeRTOS/Source/queue.o
                0x0800ab4c                vQueueAddToRegistry
 .text.vQueueWaitForMessageRestricted
                0x0800aba0       0x68 ./Middlewares/Third_Party/FreeRTOS/Source/queue.o
                0x0800aba0                vQueueWaitForMessageRestricted
 .text.xTaskCreateStatic
                0x0800ac08       0xbe ./Middlewares/Third_Party/FreeRTOS/Source/tasks.o
                0x0800ac08                xTaskCreateStatic
 .text.xTaskCreate
                0x0800acc6       0x8a ./Middlewares/Third_Party/FreeRTOS/Source/tasks.o
                0x0800acc6                xTaskCreate
 .text.prvInitialiseNewTask
                0x0800ad50      0x140 ./Middlewares/Third_Party/FreeRTOS/Source/tasks.o
 .text.prvAddNewTaskToReadyList
                0x0800ae90       0xe0 ./Middlewares/Third_Party/FreeRTOS/Source/tasks.o
 .text.vTaskDelay
                0x0800af70       0x6c ./Middlewares/Third_Party/FreeRTOS/Source/tasks.o
                0x0800af70                vTaskDelay
 .text.vTaskSuspend
                0x0800afdc       0xec ./Middlewares/Third_Party/FreeRTOS/Source/tasks.o
                0x0800afdc                vTaskSuspend
 .text.prvTaskIsTaskSuspended
                0x0800b0c8       0x78 ./Middlewares/Third_Party/FreeRTOS/Source/tasks.o
 .text.vTaskResume
                0x0800b140       0xc0 ./Middlewares/Third_Party/FreeRTOS/Source/tasks.o
                0x0800b140                vTaskResume
 .text.vTaskStartScheduler
                0x0800b200       0xe0 ./Middlewares/Third_Party/FreeRTOS/Source/tasks.o
                0x0800b200                vTaskStartScheduler
 .text.vTaskSuspendAll
                0x0800b2e0       0x1c ./Middlewares/Third_Party/FreeRTOS/Source/tasks.o
                0x0800b2e0                vTaskSuspendAll
 .text.xTaskResumeAll
                0x0800b2fc      0x13c ./Middlewares/Third_Party/FreeRTOS/Source/tasks.o
                0x0800b2fc                xTaskResumeAll
 .text.xTaskGetTickCount
                0x0800b438       0x20 ./Middlewares/Third_Party/FreeRTOS/Source/tasks.o
                0x0800b438                xTaskGetTickCount
 .text.xTaskIncrementTick
                0x0800b458      0x180 ./Middlewares/Third_Party/FreeRTOS/Source/tasks.o
                0x0800b458                xTaskIncrementTick
 .text.vTaskSwitchContext
                0x0800b5d8       0xcc ./Middlewares/Third_Party/FreeRTOS/Source/tasks.o
                0x0800b5d8                vTaskSwitchContext
 .text.vTaskPlaceOnEventList
                0x0800b6a4       0x4c ./Middlewares/Third_Party/FreeRTOS/Source/tasks.o
                0x0800b6a4                vTaskPlaceOnEventList
 .text.vTaskPlaceOnEventListRestricted
                0x0800b6f0       0x58 ./Middlewares/Third_Party/FreeRTOS/Source/tasks.o
                0x0800b6f0                vTaskPlaceOnEventListRestricted
 .text.xTaskRemoveFromEventList
                0x0800b748       0xc8 ./Middlewares/Third_Party/FreeRTOS/Source/tasks.o
                0x0800b748                xTaskRemoveFromEventList
 .text.vTaskInternalSetTimeOutState
                0x0800b810       0x2c ./Middlewares/Third_Party/FreeRTOS/Source/tasks.o
                0x0800b810                vTaskInternalSetTimeOutState
 .text.xTaskCheckForTimeOut
                0x0800b83c       0xc8 ./Middlewares/Third_Party/FreeRTOS/Source/tasks.o
                0x0800b83c                xTaskCheckForTimeOut
 .text.vTaskMissedYield
                0x0800b904       0x18 ./Middlewares/Third_Party/FreeRTOS/Source/tasks.o
                0x0800b904                vTaskMissedYield
 .text.prvIdleTask
                0x0800b91c       0x30 ./Middlewares/Third_Party/FreeRTOS/Source/tasks.o
 .text.prvInitialiseTaskLists
                0x0800b94c       0x80 ./Middlewares/Third_Party/FreeRTOS/Source/tasks.o
 .text.prvCheckTasksWaitingTermination
                0x0800b9cc       0x5c ./Middlewares/Third_Party/FreeRTOS/Source/tasks.o
 .text.prvDeleteTCB
                0x0800ba28       0x6a ./Middlewares/Third_Party/FreeRTOS/Source/tasks.o
 *fill*         0x0800ba92        0x2 
 .text.prvResetNextTaskUnblockTime
                0x0800ba94       0x4c ./Middlewares/Third_Party/FreeRTOS/Source/tasks.o
 .text.xTaskGetSchedulerState
                0x0800bae0       0x3c ./Middlewares/Third_Party/FreeRTOS/Source/tasks.o
                0x0800bae0                xTaskGetSchedulerState
 .text.xTaskPriorityDisinherit
                0x0800bb1c       0xe0 ./Middlewares/Third_Party/FreeRTOS/Source/tasks.o
                0x0800bb1c                xTaskPriorityDisinherit
 .text.prvAddCurrentTaskToDelayedList
                0x0800bbfc       0xa8 ./Middlewares/Third_Party/FreeRTOS/Source/tasks.o
 .text.xTimerCreateTimerTask
                0x0800bca4       0x94 ./Middlewares/Third_Party/FreeRTOS/Source/timers.o
                0x0800bca4                xTimerCreateTimerTask
 .text.xTimerGenericCommand
                0x0800bd38       0x9c ./Middlewares/Third_Party/FreeRTOS/Source/timers.o
                0x0800bd38                xTimerGenericCommand
 .text.prvProcessExpiredTimer
                0x0800bdd4       0x84 ./Middlewares/Third_Party/FreeRTOS/Source/timers.o
 .text.prvTimerTask
                0x0800be58       0x26 ./Middlewares/Third_Party/FreeRTOS/Source/timers.o
 *fill*         0x0800be7e        0x2 
 .text.prvProcessTimerOrBlockTask
                0x0800be80       0x9c ./Middlewares/Third_Party/FreeRTOS/Source/timers.o
 .text.prvGetNextExpireTime
                0x0800bf1c       0x48 ./Middlewares/Third_Party/FreeRTOS/Source/timers.o
 .text.prvSampleTimeNow
                0x0800bf64       0x40 ./Middlewares/Third_Party/FreeRTOS/Source/timers.o
 .text.prvInsertTimerInActiveList
                0x0800bfa4       0x84 ./Middlewares/Third_Party/FreeRTOS/Source/timers.o
 .text.prvProcessReceivedCommands
                0x0800c028      0x178 ./Middlewares/Third_Party/FreeRTOS/Source/timers.o
 .text.prvSwitchTimerLists
                0x0800c1a0       0xc4 ./Middlewares/Third_Party/FreeRTOS/Source/timers.o
 .text.prvCheckForValidListAndQueue
                0x0800c264       0x80 ./Middlewares/Third_Party/FreeRTOS/Source/timers.o
 .text.pxPortInitialiseStack
                0x0800c2e4       0x68 ./Middlewares/Third_Party/FreeRTOS/Source/portable/GCC/ARM_CM4F/port.o
                0x0800c2e4                pxPortInitialiseStack
 .text.prvTaskExitError
                0x0800c34c       0x5c ./Middlewares/Third_Party/FreeRTOS/Source/portable/GCC/ARM_CM4F/port.o
 *fill*         0x0800c3a8        0x8 
 .text.SVC_Handler
                0x0800c3b0       0x28 ./Middlewares/Third_Party/FreeRTOS/Source/portable/GCC/ARM_CM4F/port.o
                0x0800c3b0                SVC_Handler
 .text.prvPortStartFirstTask
                0x0800c3d8       0x28 ./Middlewares/Third_Party/FreeRTOS/Source/portable/GCC/ARM_CM4F/port.o
 .text.xPortStartScheduler
                0x0800c400      0x148 ./Middlewares/Third_Party/FreeRTOS/Source/portable/GCC/ARM_CM4F/port.o
                0x0800c400                xPortStartScheduler
 .text.vPortEnterCritical
                0x0800c548       0x64 ./Middlewares/Third_Party/FreeRTOS/Source/portable/GCC/ARM_CM4F/port.o
                0x0800c548                vPortEnterCritical
 .text.vPortExitCritical
                0x0800c5ac       0x54 ./Middlewares/Third_Party/FreeRTOS/Source/portable/GCC/ARM_CM4F/port.o
                0x0800c5ac                vPortExitCritical
 .text.PendSV_Handler
                0x0800c600       0x68 ./Middlewares/Third_Party/FreeRTOS/Source/portable/GCC/ARM_CM4F/port.o
                0x0800c600                PendSV_Handler
 .text.SysTick_Handler
                0x0800c668       0x44 ./Middlewares/Third_Party/FreeRTOS/Source/portable/GCC/ARM_CM4F/port.o
                0x0800c668                SysTick_Handler
 .text.vPortSetupTimerInterrupt
                0x0800c6ac       0x48 ./Middlewares/Third_Party/FreeRTOS/Source/portable/GCC/ARM_CM4F/port.o
                0x0800c6ac                vPortSetupTimerInterrupt
 .text.vPortEnableVFP
                0x0800c6f4       0x14 ./Middlewares/Third_Party/FreeRTOS/Source/portable/GCC/ARM_CM4F/port.o
 .text.vPortValidateInterruptPriority
                0x0800c708       0x84 ./Middlewares/Third_Party/FreeRTOS/Source/portable/GCC/ARM_CM4F/port.o
                0x0800c708                vPortValidateInterruptPriority
 .text.pvPortMalloc
                0x0800c78c      0x190 ./Middlewares/Third_Party/FreeRTOS/Source/portable/MemMang/heap_4.o
                0x0800c78c                pvPortMalloc
 .text.vPortFree
                0x0800c91c       0xb8 ./Middlewares/Third_Party/FreeRTOS/Source/portable/MemMang/heap_4.o
                0x0800c91c                vPortFree
 .text.prvHeapInit
                0x0800c9d4       0xc4 ./Middlewares/Third_Party/FreeRTOS/Source/portable/MemMang/heap_4.o
 .text.prvInsertBlockIntoFreeList
                0x0800ca98       0xb4 ./Middlewares/Third_Party/FreeRTOS/Source/portable/MemMang/heap_4.o
 .text.__cvt    0x0800cb4c       0xca /opt/st/stm32cubeide_1.15.1/plugins/com.st.stm32cube.ide.mcu.externaltools.gnu-tools-for-stm32.12.3.rel1.linux64_1.0.100.202403111256/tools/bin/../lib/gcc/arm-none-eabi/12.3.1/../../../../arm-none-eabi/lib/thumb/v7e-m+fp/hard/libc_nano.a(libc_a-nano-vfprintf_float.o)
                0x0800cb4c                __cvt
 .text.__exponent
                0x0800cc16       0x74 /opt/st/stm32cubeide_1.15.1/plugins/com.st.stm32cube.ide.mcu.externaltools.gnu-tools-for-stm32.12.3.rel1.linux64_1.0.100.202403111256/tools/bin/../lib/gcc/arm-none-eabi/12.3.1/../../../../arm-none-eabi/lib/thumb/v7e-m+fp/hard/libc_nano.a(libc_a-nano-vfprintf_float.o)
                0x0800cc16                __exponent
 *fill*         0x0800cc8a        0x2 
 .text._printf_float
                0x0800cc8c      0x454 /opt/st/stm32cubeide_1.15.1/plugins/com.st.stm32cube.ide.mcu.externaltools.gnu-tools-for-stm32.12.3.rel1.linux64_1.0.100.202403111256/tools/bin/../lib/gcc/arm-none-eabi/12.3.1/../../../../arm-none-eabi/lib/thumb/v7e-m+fp/hard/libc_nano.a(libc_a-nano-vfprintf_float.o)
                0x0800cc8c                _printf_float
 .text._printf_common
                0x0800d0e0       0xda /opt/st/stm32cubeide_1.15.1/plugins/com.st.stm32cube.ide.mcu.externaltools.gnu-tools-for-stm32.12.3.rel1.linux64_1.0.100.202403111256/tools/bin/../lib/gcc/arm-none-eabi/12.3.1/../../../../arm-none-eabi/lib/thumb/v7e-m+fp/hard/libc_nano.a(libc_a-nano-vfprintf_i.o)
                0x0800d0e0                _printf_common
 *fill*         0x0800d1ba        0x2 
 .text._printf_i
                0x0800d1bc      0x240 /opt/st/stm32cubeide_1.15.1/plugins/com.st.stm32cube.ide.mcu.externaltools.gnu-tools-for-stm32.12.3.rel1.linux64_1.0.100.202403111256/tools/bin/../lib/gcc/arm-none-eabi/12.3.1/../../../../arm-none-eabi/lib/thumb/v7e-m+fp/hard/libc_nano.a(libc_a-nano-vfprintf_i.o)
                0x0800d1bc                _printf_i
 .text._scanf_float
                0x0800d3fc      0x428 /opt/st/stm32cubeide_1.15.1/plugins/com.st.stm32cube.ide.mcu.externaltools.gnu-tools-for-stm32.12.3.rel1.linux64_1.0.100.202403111256/tools/bin/../lib/gcc/arm-none-eabi/12.3.1/../../../../arm-none-eabi/lib/thumb/v7e-m+fp/hard/libc_nano.a(libc_a-nano-vfscanf_float.o)
                0x0800d3fc                _scanf_float
 .text.std      0x0800d824       0x6c /opt/st/stm32cubeide_1.15.1/plugins/com.st.stm32cube.ide.mcu.externaltools.gnu-tools-for-stm32.12.3.rel1.linux64_1.0.100.202403111256/tools/bin/../lib/gcc/arm-none-eabi/12.3.1/../../../../arm-none-eabi/lib/thumb/v7e-m+fp/hard/libc_nano.a(libc_a-findfp.o)
 .text.stdio_exit_handler
                0x0800d890       0x18 /opt/st/stm32cubeide_1.15.1/plugins/com.st.stm32cube.ide.mcu.externaltools.gnu-tools-for-stm32.12.3.rel1.linux64_1.0.100.202403111256/tools/bin/../lib/gcc/arm-none-eabi/12.3.1/../../../../arm-none-eabi/lib/thumb/v7e-m+fp/hard/libc_nano.a(libc_a-findfp.o)
 .text.cleanup_stdio
                0x0800d8a8       0x40 /opt/st/stm32cubeide_1.15.1/plugins/com.st.stm32cube.ide.mcu.externaltools.gnu-tools-for-stm32.12.3.rel1.linux64_1.0.100.202403111256/tools/bin/../lib/gcc/arm-none-eabi/12.3.1/../../../../arm-none-eabi/lib/thumb/v7e-m+fp/hard/libc_nano.a(libc_a-findfp.o)
 .text.global_stdio_init.part.0
                0x0800d8e8       0x3c /opt/st/stm32cubeide_1.15.1/plugins/com.st.stm32cube.ide.mcu.externaltools.gnu-tools-for-stm32.12.3.rel1.linux64_1.0.100.202403111256/tools/bin/../lib/gcc/arm-none-eabi/12.3.1/../../../../arm-none-eabi/lib/thumb/v7e-m+fp/hard/libc_nano.a(libc_a-findfp.o)
 .text.__sfp_lock_acquire
                0x0800d924        0xc /opt/st/stm32cubeide_1.15.1/plugins/com.st.stm32cube.ide.mcu.externaltools.gnu-tools-for-stm32.12.3.rel1.linux64_1.0.100.202403111256/tools/bin/../lib/gcc/arm-none-eabi/12.3.1/../../../../arm-none-eabi/lib/thumb/v7e-m+fp/hard/libc_nano.a(libc_a-findfp.o)
                0x0800d924                __sfp_lock_acquire
 .text.__sfp_lock_release
                0x0800d930        0xc /opt/st/stm32cubeide_1.15.1/plugins/com.st.stm32cube.ide.mcu.externaltools.gnu-tools-for-stm32.12.3.rel1.linux64_1.0.100.202403111256/tools/bin/../lib/gcc/arm-none-eabi/12.3.1/../../../../arm-none-eabi/lib/thumb/v7e-m+fp/hard/libc_nano.a(libc_a-findfp.o)
                0x0800d930                __sfp_lock_release
 .text.__sinit  0x0800d93c       0x30 /opt/st/stm32cubeide_1.15.1/plugins/com.st.stm32cube.ide.mcu.externaltools.gnu-tools-for-stm32.12.3.rel1.linux64_1.0.100.202403111256/tools/bin/../lib/gcc/arm-none-eabi/12.3.1/../../../../arm-none-eabi/lib/thumb/v7e-m+fp/hard/libc_nano.a(libc_a-findfp.o)
                0x0800d93c                __sinit
 .text._fwalk_sglue
                0x0800d96c       0x3c /opt/st/stm32cubeide_1.15.1/plugins/com.st.stm32cube.ide.mcu.externaltools.gnu-tools-for-stm32.12.3.rel1.linux64_1.0.100.202403111256/tools/bin/../lib/gcc/arm-none-eabi/12.3.1/../../../../arm-none-eabi/lib/thumb/v7e-m+fp/hard/libc_nano.a(libc_a-fwalk.o)
                0x0800d96c                _fwalk_sglue
 .text.sprintf  0x0800d9a8       0x40 /opt/st/stm32cubeide_1.15.1/plugins/com.st.stm32cube.ide.mcu.externaltools.gnu-tools-for-stm32.12.3.rel1.linux64_1.0.100.202403111256/tools/bin/../lib/gcc/arm-none-eabi/12.3.1/../../../../arm-none-eabi/lib/thumb/v7e-m+fp/hard/libc_nano.a(libc_a-sprintf.o)
                0x0800d9a8                sprintf
                0x0800d9a8                siprintf
 .text.__sread  0x0800d9e8       0x22 /opt/st/stm32cubeide_1.15.1/plugins/com.st.stm32cube.ide.mcu.externaltools.gnu-tools-for-stm32.12.3.rel1.linux64_1.0.100.202403111256/tools/bin/../lib/gcc/arm-none-eabi/12.3.1/../../../../arm-none-eabi/lib/thumb/v7e-m+fp/hard/libc_nano.a(libc_a-stdio.o)
                0x0800d9e8                __sread
 .text.__swrite
                0x0800da0a       0x38 /opt/st/stm32cubeide_1.15.1/plugins/com.st.stm32cube.ide.mcu.externaltools.gnu-tools-for-stm32.12.3.rel1.linux64_1.0.100.202403111256/tools/bin/../lib/gcc/arm-none-eabi/12.3.1/../../../../arm-none-eabi/lib/thumb/v7e-m+fp/hard/libc_nano.a(libc_a-stdio.o)
                0x0800da0a                __swrite
 .text.__sseek  0x0800da42       0x24 /opt/st/stm32cubeide_1.15.1/plugins/com.st.stm32cube.ide.mcu.externaltools.gnu-tools-for-stm32.12.3.rel1.linux64_1.0.100.202403111256/tools/bin/../lib/gcc/arm-none-eabi/12.3.1/../../../../arm-none-eabi/lib/thumb/v7e-m+fp/hard/libc_nano.a(libc_a-stdio.o)
                0x0800da42                __sseek
 .text.__sclose
                0x0800da66        0x8 /opt/st/stm32cubeide_1.15.1/plugins/com.st.stm32cube.ide.mcu.externaltools.gnu-tools-for-stm32.12.3.rel1.linux64_1.0.100.202403111256/tools/bin/../lib/gcc/arm-none-eabi/12.3.1/../../../../arm-none-eabi/lib/thumb/v7e-m+fp/hard/libc_nano.a(libc_a-stdio.o)
                0x0800da66                __sclose
 .text.memmove  0x0800da6e       0x34 /opt/st/stm32cubeide_1.15.1/plugins/com.st.stm32cube.ide.mcu.externaltools.gnu-tools-for-stm32.12.3.rel1.linux64_1.0.100.202403111256/tools/bin/../lib/gcc/arm-none-eabi/12.3.1/../../../../arm-none-eabi/lib/thumb/v7e-m+fp/hard/libc_nano.a(libc_a-memmove.o)
                0x0800da6e                memmove
 .text.memset   0x0800daa2       0x10 /opt/st/stm32cubeide_1.15.1/plugins/com.st.stm32cube.ide.mcu.externaltools.gnu-tools-for-stm32.12.3.rel1.linux64_1.0.100.202403111256/tools/bin/../lib/gcc/arm-none-eabi/12.3.1/../../../../arm-none-eabi/lib/thumb/v7e-m+fp/hard/libc_nano.a(libc_a-memset.o)
                0x0800daa2                memset
 *fill*         0x0800dab2        0x2 
 .text._localeconv_r
                0x0800dab4        0x8 /opt/st/stm32cubeide_1.15.1/plugins/com.st.stm32cube.ide.mcu.externaltools.gnu-tools-for-stm32.12.3.rel1.linux64_1.0.100.202403111256/tools/bin/../lib/gcc/arm-none-eabi/12.3.1/../../../../arm-none-eabi/lib/thumb/v7e-m+fp/hard/libc_nano.a(libc_a-localeconv.o)
                0x0800dab4                _localeconv_r
 .text._close_r
                0x0800dabc       0x20 /opt/st/stm32cubeide_1.15.1/plugins/com.st.stm32cube.ide.mcu.externaltools.gnu-tools-for-stm32.12.3.rel1.linux64_1.0.100.202403111256/tools/bin/../lib/gcc/arm-none-eabi/12.3.1/../../../../arm-none-eabi/lib/thumb/v7e-m+fp/hard/libc_nano.a(libc_a-closer.o)
                0x0800dabc                _close_r
 .text._reclaim_reent
                0x0800dadc       0xac /opt/st/stm32cubeide_1.15.1/plugins/com.st.stm32cube.ide.mcu.externaltools.gnu-tools-for-stm32.12.3.rel1.linux64_1.0.100.202403111256/tools/bin/../lib/gcc/arm-none-eabi/12.3.1/../../../../arm-none-eabi/lib/thumb/v7e-m+fp/hard/libc_nano.a(libc_a-reent.o)
                0x0800dadc                _reclaim_reent
 .text._lseek_r
                0x0800db88       0x24 /opt/st/stm32cubeide_1.15.1/plugins/com.st.stm32cube.ide.mcu.externaltools.gnu-tools-for-stm32.12.3.rel1.linux64_1.0.100.202403111256/tools/bin/../lib/gcc/arm-none-eabi/12.3.1/../../../../arm-none-eabi/lib/thumb/v7e-m+fp/hard/libc_nano.a(libc_a-lseekr.o)
                0x0800db88                _lseek_r
 .text._read_r  0x0800dbac       0x24 /opt/st/stm32cubeide_1.15.1/plugins/com.st.stm32cube.ide.mcu.externaltools.gnu-tools-for-stm32.12.3.rel1.linux64_1.0.100.202403111256/tools/bin/../lib/gcc/arm-none-eabi/12.3.1/../../../../arm-none-eabi/lib/thumb/v7e-m+fp/hard/libc_nano.a(libc_a-readr.o)
                0x0800dbac                _read_r
 .text._write_r
                0x0800dbd0       0x24 /opt/st/stm32cubeide_1.15.1/plugins/com.st.stm32cube.ide.mcu.externaltools.gnu-tools-for-stm32.12.3.rel1.linux64_1.0.100.202403111256/tools/bin/../lib/gcc/arm-none-eabi/12.3.1/../../../../arm-none-eabi/lib/thumb/v7e-m+fp/hard/libc_nano.a(libc_a-writer.o)
                0x0800dbd0                _write_r
 .text.__errno  0x0800dbf4        0xc /opt/st/stm32cubeide_1.15.1/plugins/com.st.stm32cube.ide.mcu.externaltools.gnu-tools-for-stm32.12.3.rel1.linux64_1.0.100.202403111256/tools/bin/../lib/gcc/arm-none-eabi/12.3.1/../../../../arm-none-eabi/lib/thumb/v7e-m+fp/hard/libc_nano.a(libc_a-errno.o)
                0x0800dbf4                __errno
 .text.__libc_init_array
                0x0800dc00       0x48 /opt/st/stm32cubeide_1.15.1/plugins/com.st.stm32cube.ide.mcu.externaltools.gnu-tools-for-stm32.12.3.rel1.linux64_1.0.100.202403111256/tools/bin/../lib/gcc/arm-none-eabi/12.3.1/../../../../arm-none-eabi/lib/thumb/v7e-m+fp/hard/libc_nano.a(libc_a-init.o)
                0x0800dc00                __libc_init_array
 .text.__retarget_lock_init_recursive
                0x0800dc48        0x2 /opt/st/stm32cubeide_1.15.1/plugins/com.st.stm32cube.ide.mcu.externaltools.gnu-tools-for-stm32.12.3.rel1.linux64_1.0.100.202403111256/tools/bin/../lib/gcc/arm-none-eabi/12.3.1/../../../../arm-none-eabi/lib/thumb/v7e-m+fp/hard/libc_nano.a(libc_a-lock.o)
                0x0800dc48                __retarget_lock_init_recursive
 .text.__retarget_lock_acquire_recursive
                0x0800dc4a        0x2 /opt/st/stm32cubeide_1.15.1/plugins/com.st.stm32cube.ide.mcu.externaltools.gnu-tools-for-stm32.12.3.rel1.linux64_1.0.100.202403111256/tools/bin/../lib/gcc/arm-none-eabi/12.3.1/../../../../arm-none-eabi/lib/thumb/v7e-m+fp/hard/libc_nano.a(libc_a-lock.o)
                0x0800dc4a                __retarget_lock_acquire_recursive
 .text.__retarget_lock_release_recursive
                0x0800dc4c        0x2 /opt/st/stm32cubeide_1.15.1/plugins/com.st.stm32cube.ide.mcu.externaltools.gnu-tools-for-stm32.12.3.rel1.linux64_1.0.100.202403111256/tools/bin/../lib/gcc/arm-none-eabi/12.3.1/../../../../arm-none-eabi/lib/thumb/v7e-m+fp/hard/libc_nano.a(libc_a-lock.o)
                0x0800dc4c                __retarget_lock_release_recursive
 .text.memcpy   0x0800dc4e       0x1c /opt/st/stm32cubeide_1.15.1/plugins/com.st.stm32cube.ide.mcu.externaltools.gnu-tools-for-stm32.12.3.rel1.linux64_1.0.100.202403111256/tools/bin/../lib/gcc/arm-none-eabi/12.3.1/../../../../arm-none-eabi/lib/thumb/v7e-m+fp/hard/libc_nano.a(libc_a-memcpy-stub.o)
                0x0800dc4e                memcpy
 *fill*         0x0800dc6a        0x2 
 .text.nanf     0x0800dc6c        0xc /opt/st/stm32cubeide_1.15.1/plugins/com.st.stm32cube.ide.mcu.externaltools.gnu-tools-for-stm32.12.3.rel1.linux64_1.0.100.202403111256/tools/bin/../lib/gcc/arm-none-eabi/12.3.1/../../../../arm-none-eabi/lib/thumb/v7e-m+fp/hard/libc_nano.a(libm_a-sf_nan.o)
                0x0800dc6c                nanf
 .text.quorem   0x0800dc78      0x110 /opt/st/stm32cubeide_1.15.1/plugins/com.st.stm32cube.ide.mcu.externaltools.gnu-tools-for-stm32.12.3.rel1.linux64_1.0.100.202403111256/tools/bin/../lib/gcc/arm-none-eabi/12.3.1/../../../../arm-none-eabi/lib/thumb/v7e-m+fp/hard/libc_nano.a(libc_a-dtoa.o)
 .text._dtoa_r  0x0800dd88      0xb88 /opt/st/stm32cubeide_1.15.1/plugins/com.st.stm32cube.ide.mcu.externaltools.gnu-tools-for-stm32.12.3.rel1.linux64_1.0.100.202403111256/tools/bin/../lib/gcc/arm-none-eabi/12.3.1/../../../../arm-none-eabi/lib/thumb/v7e-m+fp/hard/libc_nano.a(libc_a-dtoa.o)
                0x0800dd88                _dtoa_r
 .text._free_r  0x0800e910       0x94 /opt/st/stm32cubeide_1.15.1/plugins/com.st.stm32cube.ide.mcu.externaltools.gnu-tools-for-stm32.12.3.rel1.linux64_1.0.100.202403111256/tools/bin/../lib/gcc/arm-none-eabi/12.3.1/../../../../arm-none-eabi/lib/thumb/v7e-m+fp/hard/libc_nano.a(libc_a-freer.o)
                0x0800e910                _free_r
 .text.malloc   0x0800e9a4       0x10 /opt/st/stm32cubeide_1.15.1/plugins/com.st.stm32cube.ide.mcu.externaltools.gnu-tools-for-stm32.12.3.rel1.linux64_1.0.100.202403111256/tools/bin/../lib/gcc/arm-none-eabi/12.3.1/../../../../arm-none-eabi/lib/thumb/v7e-m+fp/hard/libc_nano.a(libc_a-malloc.o)
                0x0800e9a4                malloc
 .text.sbrk_aligned
                0x0800e9b4       0x44 /opt/st/stm32cubeide_1.15.1/plugins/com.st.stm32cube.ide.mcu.externaltools.gnu-tools-for-stm32.12.3.rel1.linux64_1.0.100.202403111256/tools/bin/../lib/gcc/arm-none-eabi/12.3.1/../../../../arm-none-eabi/lib/thumb/v7e-m+fp/hard/libc_nano.a(libc_a-mallocr.o)
 .text._malloc_r
                0x0800e9f8      0x100 /opt/st/stm32cubeide_1.15.1/plugins/com.st.stm32cube.ide.mcu.externaltools.gnu-tools-for-stm32.12.3.rel1.linux64_1.0.100.202403111256/tools/bin/../lib/gcc/arm-none-eabi/12.3.1/../../../../arm-none-eabi/lib/thumb/v7e-m+fp/hard/libc_nano.a(libc_a-mallocr.o)
                0x0800e9f8                _malloc_r
 .text.__malloc_lock
                0x0800eaf8        0xc /opt/st/stm32cubeide_1.15.1/plugins/com.st.stm32cube.ide.mcu.externaltools.gnu-tools-for-stm32.12.3.rel1.linux64_1.0.100.202403111256/tools/bin/../lib/gcc/arm-none-eabi/12.3.1/../../../../arm-none-eabi/lib/thumb/v7e-m+fp/hard/libc_nano.a(libc_a-mlock.o)
                0x0800eaf8                __malloc_lock
 .text.__malloc_unlock
                0x0800eb04        0xc /opt/st/stm32cubeide_1.15.1/plugins/com.st.stm32cube.ide.mcu.externaltools.gnu-tools-for-stm32.12.3.rel1.linux64_1.0.100.202403111256/tools/bin/../lib/gcc/arm-none-eabi/12.3.1/../../../../arm-none-eabi/lib/thumb/v7e-m+fp/hard/libc_nano.a(libc_a-mlock.o)
                0x0800eb04                __malloc_unlock
 .text._Balloc  0x0800eb10       0x80 /opt/st/stm32cubeide_1.15.1/plugins/com.st.stm32cube.ide.mcu.externaltools.gnu-tools-for-stm32.12.3.rel1.linux64_1.0.100.202403111256/tools/bin/../lib/gcc/arm-none-eabi/12.3.1/../../../../arm-none-eabi/lib/thumb/v7e-m+fp/hard/libc_nano.a(libc_a-mprec.o)
                0x0800eb10                _Balloc
 .text._Bfree   0x0800eb90       0x44 /opt/st/stm32cubeide_1.15.1/plugins/com.st.stm32cube.ide.mcu.externaltools.gnu-tools-for-stm32.12.3.rel1.linux64_1.0.100.202403111256/tools/bin/../lib/gcc/arm-none-eabi/12.3.1/../../../../arm-none-eabi/lib/thumb/v7e-m+fp/hard/libc_nano.a(libc_a-mprec.o)
                0x0800eb90                _Bfree
 .text.__multadd
                0x0800ebd4       0x8c /opt/st/stm32cubeide_1.15.1/plugins/com.st.stm32cube.ide.mcu.externaltools.gnu-tools-for-stm32.12.3.rel1.linux64_1.0.100.202403111256/tools/bin/../lib/gcc/arm-none-eabi/12.3.1/../../../../arm-none-eabi/lib/thumb/v7e-m+fp/hard/libc_nano.a(libc_a-mprec.o)
                0x0800ebd4                __multadd
 .text.__s2b    0x0800ec60       0x94 /opt/st/stm32cubeide_1.15.1/plugins/com.st.stm32cube.ide.mcu.externaltools.gnu-tools-for-stm32.12.3.rel1.linux64_1.0.100.202403111256/tools/bin/../lib/gcc/arm-none-eabi/12.3.1/../../../../arm-none-eabi/lib/thumb/v7e-m+fp/hard/libc_nano.a(libc_a-mprec.o)
                0x0800ec60                __s2b
 .text.__hi0bits
                0x0800ecf4       0x3e /opt/st/stm32cubeide_1.15.1/plugins/com.st.stm32cube.ide.mcu.externaltools.gnu-tools-for-stm32.12.3.rel1.linux64_1.0.100.202403111256/tools/bin/../lib/gcc/arm-none-eabi/12.3.1/../../../../arm-none-eabi/lib/thumb/v7e-m+fp/hard/libc_nano.a(libc_a-mprec.o)
                0x0800ecf4                __hi0bits
 .text.__lo0bits
                0x0800ed32       0x5a /opt/st/stm32cubeide_1.15.1/plugins/com.st.stm32cube.ide.mcu.externaltools.gnu-tools-for-stm32.12.3.rel1.linux64_1.0.100.202403111256/tools/bin/../lib/gcc/arm-none-eabi/12.3.1/../../../../arm-none-eabi/lib/thumb/v7e-m+fp/hard/libc_nano.a(libc_a-mprec.o)
                0x0800ed32                __lo0bits
 .text.__i2b    0x0800ed8c       0x2c /opt/st/stm32cubeide_1.15.1/plugins/com.st.stm32cube.ide.mcu.externaltools.gnu-tools-for-stm32.12.3.rel1.linux64_1.0.100.202403111256/tools/bin/../lib/gcc/arm-none-eabi/12.3.1/../../../../arm-none-eabi/lib/thumb/v7e-m+fp/hard/libc_nano.a(libc_a-mprec.o)
                0x0800ed8c                __i2b
 .text.__multiply
                0x0800edb8      0x154 /opt/st/stm32cubeide_1.15.1/plugins/com.st.stm32cube.ide.mcu.externaltools.gnu-tools-for-stm32.12.3.rel1.linux64_1.0.100.202403111256/tools/bin/../lib/gcc/arm-none-eabi/12.3.1/../../../../arm-none-eabi/lib/thumb/v7e-m+fp/hard/libc_nano.a(libc_a-mprec.o)
                0x0800edb8                __multiply
 .text.__pow5mult
                0x0800ef0c       0xb4 /opt/st/stm32cubeide_1.15.1/plugins/com.st.stm32cube.ide.mcu.externaltools.gnu-tools-for-stm32.12.3.rel1.linux64_1.0.100.202403111256/tools/bin/../lib/gcc/arm-none-eabi/12.3.1/../../../../arm-none-eabi/lib/thumb/v7e-m+fp/hard/libc_nano.a(libc_a-mprec.o)
                0x0800ef0c                __pow5mult
 .text.__lshift
                0x0800efc0       0xd8 /opt/st/stm32cubeide_1.15.1/plugins/com.st.stm32cube.ide.mcu.externaltools.gnu-tools-for-stm32.12.3.rel1.linux64_1.0.100.202403111256/tools/bin/../lib/gcc/arm-none-eabi/12.3.1/../../../../arm-none-eabi/lib/thumb/v7e-m+fp/hard/libc_nano.a(libc_a-mprec.o)
                0x0800efc0                __lshift
 .text.__mcmp   0x0800f098       0x36 /opt/st/stm32cubeide_1.15.1/plugins/com.st.stm32cube.ide.mcu.externaltools.gnu-tools-for-stm32.12.3.rel1.linux64_1.0.100.202403111256/tools/bin/../lib/gcc/arm-none-eabi/12.3.1/../../../../arm-none-eabi/lib/thumb/v7e-m+fp/hard/libc_nano.a(libc_a-mprec.o)
                0x0800f098                __mcmp
 *fill*         0x0800f0ce        0x2 
 .text.__mdiff  0x0800f0d0      0x128 /opt/st/stm32cubeide_1.15.1/plugins/com.st.stm32cube.ide.mcu.externaltools.gnu-tools-for-stm32.12.3.rel1.linux64_1.0.100.202403111256/tools/bin/../lib/gcc/arm-none-eabi/12.3.1/../../../../arm-none-eabi/lib/thumb/v7e-m+fp/hard/libc_nano.a(libc_a-mprec.o)
                0x0800f0d0                __mdiff
 .text.__ulp    0x0800f1f8       0x4c /opt/st/stm32cubeide_1.15.1/plugins/com.st.stm32cube.ide.mcu.externaltools.gnu-tools-for-stm32.12.3.rel1.linux64_1.0.100.202403111256/tools/bin/../lib/gcc/arm-none-eabi/12.3.1/../../../../arm-none-eabi/lib/thumb/v7e-m+fp/hard/libc_nano.a(libc_a-mprec.o)
                0x0800f1f8                __ulp
 .text.__b2d    0x0800f244       0x94 /opt/st/stm32cubeide_1.15.1/plugins/com.st.stm32cube.ide.mcu.externaltools.gnu-tools-for-stm32.12.3.rel1.linux64_1.0.100.202403111256/tools/bin/../lib/gcc/arm-none-eabi/12.3.1/../../../../arm-none-eabi/lib/thumb/v7e-m+fp/hard/libc_nano.a(libc_a-mprec.o)
                0x0800f244                __b2d
 .text.__d2b    0x0800f2d8       0xb0 /opt/st/stm32cubeide_1.15.1/plugins/com.st.stm32cube.ide.mcu.externaltools.gnu-tools-for-stm32.12.3.rel1.linux64_1.0.100.202403111256/tools/bin/../lib/gcc/arm-none-eabi/12.3.1/../../../../arm-none-eabi/lib/thumb/v7e-m+fp/hard/libc_nano.a(libc_a-mprec.o)
                0x0800f2d8                __d2b
 .text.__ratio  0x0800f388       0x64 /opt/st/stm32cubeide_1.15.1/plugins/com.st.stm32cube.ide.mcu.externaltools.gnu-tools-for-stm32.12.3.rel1.linux64_1.0.100.202403111256/tools/bin/../lib/gcc/arm-none-eabi/12.3.1/../../../../arm-none-eabi/lib/thumb/v7e-m+fp/hard/libc_nano.a(libc_a-mprec.o)
                0x0800f388                __ratio
 .text.__copybits
                0x0800f3ec       0x46 /opt/st/stm32cubeide_1.15.1/plugins/com.st.stm32cube.ide.mcu.externaltools.gnu-tools-for-stm32.12.3.rel1.linux64_1.0.100.202403111256/tools/bin/../lib/gcc/arm-none-eabi/12.3.1/../../../../arm-none-eabi/lib/thumb/v7e-m+fp/hard/libc_nano.a(libc_a-mprec.o)
                0x0800f3ec                __copybits
 .text.__any_on
                0x0800f432       0x42 /opt/st/stm32cubeide_1.15.1/plugins/com.st.stm32cube.ide.mcu.externaltools.gnu-tools-for-stm32.12.3.rel1.linux64_1.0.100.202403111256/tools/bin/../lib/gcc/arm-none-eabi/12.3.1/../../../../arm-none-eabi/lib/thumb/v7e-m+fp/hard/libc_nano.a(libc_a-mprec.o)
                0x0800f432                __any_on
 .text.sulp     0x0800f474       0x3c /opt/st/stm32cubeide_1.15.1/plugins/com.st.stm32cube.ide.mcu.externaltools.gnu-tools-for-stm32.12.3.rel1.linux64_1.0.100.202403111256/tools/bin/../lib/gcc/arm-none-eabi/12.3.1/../../../../arm-none-eabi/lib/thumb/v7e-m+fp/hard/libc_nano.a(libc_a-strtod.o)
 .text._strtod_l
                0x0800f4b0      0xbc8 /opt/st/stm32cubeide_1.15.1/plugins/com.st.stm32cube.ide.mcu.externaltools.gnu-tools-for-stm32.12.3.rel1.linux64_1.0.100.202403111256/tools/bin/../lib/gcc/arm-none-eabi/12.3.1/../../../../arm-none-eabi/lib/thumb/v7e-m+fp/hard/libc_nano.a(libc_a-strtod.o)
                0x0800f4b0                _strtod_l
 .text._strtod_r
                0x08010078        0xc /opt/st/stm32cubeide_1.15.1/plugins/com.st.stm32cube.ide.mcu.externaltools.gnu-tools-for-stm32.12.3.rel1.linux64_1.0.100.202403111256/tools/bin/../lib/gcc/arm-none-eabi/12.3.1/../../../../arm-none-eabi/lib/thumb/v7e-m+fp/hard/libc_nano.a(libc_a-strtod.o)
                0x08010078                _strtod_r
 .text._strtol_l.constprop.0
                0x08010084       0xf4 /opt/st/stm32cubeide_1.15.1/plugins/com.st.stm32cube.ide.mcu.externaltools.gnu-tools-for-stm32.12.3.rel1.linux64_1.0.100.202403111256/tools/bin/../lib/gcc/arm-none-eabi/12.3.1/../../../../arm-none-eabi/lib/thumb/v7e-m+fp/hard/libc_nano.a(libc_a-strtol.o)
 .text._strtol_r
                0x08010178        0x4 /opt/st/stm32cubeide_1.15.1/plugins/com.st.stm32cube.ide.mcu.externaltools.gnu-tools-for-stm32.12.3.rel1.linux64_1.0.100.202403111256/tools/bin/../lib/gcc/arm-none-eabi/12.3.1/../../../../arm-none-eabi/lib/thumb/v7e-m+fp/hard/libc_nano.a(libc_a-strtol.o)
                0x08010178                _strtol_r
 .text.__ssputs_r
                0x0801017c       0xb6 /opt/st/stm32cubeide_1.15.1/plugins/com.st.stm32cube.ide.mcu.externaltools.gnu-tools-for-stm32.12.3.rel1.linux64_1.0.100.202403111256/tools/bin/../lib/gcc/arm-none-eabi/12.3.1/../../../../arm-none-eabi/lib/thumb/v7e-m+fp/hard/libc_nano.a(libc_a-nano-svfprintf.o)
                0x0801017c                __ssputs_r
 *fill*         0x08010232        0x2 
 .text._svfprintf_r
                0x08010234      0x1f8 /opt/st/stm32cubeide_1.15.1/plugins/com.st.stm32cube.ide.mcu.externaltools.gnu-tools-for-stm32.12.3.rel1.linux64_1.0.100.202403111256/tools/bin/../lib/gcc/arm-none-eabi/12.3.1/../../../../arm-none-eabi/lib/thumb/v7e-m+fp/hard/libc_nano.a(libc_a-nano-svfprintf.o)
                0x08010234                _svfprintf_r
                0x08010234                _svfiprintf_r
 .text.__sflush_r
                0x0801042c      0x108 /opt/st/stm32cubeide_1.15.1/plugins/com.st.stm32cube.ide.mcu.externaltools.gnu-tools-for-stm32.12.3.rel1.linux64_1.0.100.202403111256/tools/bin/../lib/gcc/arm-none-eabi/12.3.1/../../../../arm-none-eabi/lib/thumb/v7e-m+fp/hard/libc_nano.a(libc_a-fflush.o)
                0x0801042c                __sflush_r
 .text._fflush_r
                0x08010534       0x50 /opt/st/stm32cubeide_1.15.1/plugins/com.st.stm32cube.ide.mcu.externaltools.gnu-tools-for-stm32.12.3.rel1.linux64_1.0.100.202403111256/tools/bin/../lib/gcc/arm-none-eabi/12.3.1/../../../../arm-none-eabi/lib/thumb/v7e-m+fp/hard/libc_nano.a(libc_a-fflush.o)
                0x08010534                _fflush_r
 .text.strncmp  0x08010584       0x24 /opt/st/stm32cubeide_1.15.1/plugins/com.st.stm32cube.ide.mcu.externaltools.gnu-tools-for-stm32.12.3.rel1.linux64_1.0.100.202403111256/tools/bin/../lib/gcc/arm-none-eabi/12.3.1/../../../../arm-none-eabi/lib/thumb/v7e-m+fp/hard/libc_nano.a(libc_a-strncmp.o)
                0x08010584                strncmp
 .text._sbrk_r  0x080105a8       0x20 /opt/st/stm32cubeide_1.15.1/plugins/com.st.stm32cube.ide.mcu.externaltools.gnu-tools-for-stm32.12.3.rel1.linux64_1.0.100.202403111256/tools/bin/../lib/gcc/arm-none-eabi/12.3.1/../../../../arm-none-eabi/lib/thumb/v7e-m+fp/hard/libc_nano.a(libc_a-sbrkr.o)
                0x080105a8                _sbrk_r
 .text.nan      0x080105c8       0x10 /opt/st/stm32cubeide_1.15.1/plugins/com.st.stm32cube.ide.mcu.externaltools.gnu-tools-for-stm32.12.3.rel1.linux64_1.0.100.202403111256/tools/bin/../lib/gcc/arm-none-eabi/12.3.1/../../../../arm-none-eabi/lib/thumb/v7e-m+fp/hard/libc_nano.a(libm_a-s_nan.o)
                0x080105c8                nan
 .text.__assert_func
                0x080105d8       0x3c /opt/st/stm32cubeide_1.15.1/plugins/com.st.stm32cube.ide.mcu.externaltools.gnu-tools-for-stm32.12.3.rel1.linux64_1.0.100.202403111256/tools/bin/../lib/gcc/arm-none-eabi/12.3.1/../../../../arm-none-eabi/lib/thumb/v7e-m+fp/hard/libc_nano.a(libc_a-assert.o)
                0x080105d8                __assert_func
 .text._calloc_r
                0x08010614       0x28 /opt/st/stm32cubeide_1.15.1/plugins/com.st.stm32cube.ide.mcu.externaltools.gnu-tools-for-stm32.12.3.rel1.linux64_1.0.100.202403111256/tools/bin/../lib/gcc/arm-none-eabi/12.3.1/../../../../arm-none-eabi/lib/thumb/v7e-m+fp/hard/libc_nano.a(libc_a-callocr.o)
                0x08010614                _calloc_r
 .text.rshift   0x0801063c       0xa4 /opt/st/stm32cubeide_1.15.1/plugins/com.st.stm32cube.ide.mcu.externaltools.gnu-tools-for-stm32.12.3.rel1.linux64_1.0.100.202403111256/tools/bin/../lib/gcc/arm-none-eabi/12.3.1/../../../../arm-none-eabi/lib/thumb/v7e-m+fp/hard/libc_nano.a(libc_a-gdtoa-gethex.o)
 .text.__hexdig_fun
                0x080106e0       0x2a /opt/st/stm32cubeide_1.15.1/plugins/com.st.stm32cube.ide.mcu.externaltools.gnu-tools-for-stm32.12.3.rel1.linux64_1.0.100.202403111256/tools/bin/../lib/gcc/arm-none-eabi/12.3.1/../../../../arm-none-eabi/lib/thumb/v7e-m+fp/hard/libc_nano.a(libc_a-gdtoa-gethex.o)
                0x080106e0                __hexdig_fun
 *fill*         0x0801070a        0x2 
 .text.__gethex
                0x0801070c      0x420 /opt/st/stm32cubeide_1.15.1/plugins/com.st.stm32cube.ide.mcu.externaltools.gnu-tools-for-stm32.12.3.rel1.linux64_1.0.100.202403111256/tools/bin/../lib/gcc/arm-none-eabi/12.3.1/../../../../arm-none-eabi/lib/thumb/v7e-m+fp/hard/libc_nano.a(libc_a-gdtoa-gethex.o)
                0x0801070c                __gethex
 .text.L_shift  0x08010b2c       0x24 /opt/st/stm32cubeide_1.15.1/plugins/com.st.stm32cube.ide.mcu.externaltools.gnu-tools-for-stm32.12.3.rel1.linux64_1.0.100.202403111256/tools/bin/../lib/gcc/arm-none-eabi/12.3.1/../../../../arm-none-eabi/lib/thumb/v7e-m+fp/hard/libc_nano.a(libc_a-gdtoa-hexnan.o)
 .text.__match  0x08010b50       0x28 /opt/st/stm32cubeide_1.15.1/plugins/com.st.stm32cube.ide.mcu.externaltools.gnu-tools-for-stm32.12.3.rel1.linux64_1.0.100.202403111256/tools/bin/../lib/gcc/arm-none-eabi/12.3.1/../../../../arm-none-eabi/lib/thumb/v7e-m+fp/hard/libc_nano.a(libc_a-gdtoa-hexnan.o)
                0x08010b50                __match
 .text.__hexnan
                0x08010b78      0x136 /opt/st/stm32cubeide_1.15.1/plugins/com.st.stm32cube.ide.mcu.externaltools.gnu-tools-for-stm32.12.3.rel1.linux64_1.0.100.202403111256/tools/bin/../lib/gcc/arm-none-eabi/12.3.1/../../../../arm-none-eabi/lib/thumb/v7e-m+fp/hard/libc_nano.a(libc_a-gdtoa-hexnan.o)
                0x08010b78                __hexnan
 .text.__ascii_mbtowc
                0x08010cae       0x24 /opt/st/stm32cubeide_1.15.1/plugins/com.st.stm32cube.ide.mcu.externaltools.gnu-tools-for-stm32.12.3.rel1.linux64_1.0.100.202403111256/tools/bin/../lib/gcc/arm-none-eabi/12.3.1/../../../../arm-none-eabi/lib/thumb/v7e-m+fp/hard/libc_nano.a(libc_a-mbtowc_r.o)
                0x08010cae                __ascii_mbtowc
 .text._realloc_r
                0x08010cd2       0x5c /opt/st/stm32cubeide_1.15.1/plugins/com.st.stm32cube.ide.mcu.externaltools.gnu-tools-for-stm32.12.3.rel1.linux64_1.0.100.202403111256/tools/bin/../lib/gcc/arm-none-eabi/12.3.1/../../../../arm-none-eabi/lib/thumb/v7e-m+fp/hard/libc_nano.a(libc_a-reallocr.o)
                0x08010cd2                _realloc_r
 .text.__ascii_wctomb
                0x08010d2e       0x1a /opt/st/stm32cubeide_1.15.1/plugins/com.st.stm32cube.ide.mcu.externaltools.gnu-tools-for-stm32.12.3.rel1.linux64_1.0.100.202403111256/tools/bin/../lib/gcc/arm-none-eabi/12.3.1/../../../../arm-none-eabi/lib/thumb/v7e-m+fp/hard/libc_nano.a(libc_a-wctomb_r.o)
                0x08010d2e                __ascii_wctomb
 .text.fprintf  0x08010d48       0x24 /opt/st/stm32cubeide_1.15.1/plugins/com.st.stm32cube.ide.mcu.externaltools.gnu-tools-for-stm32.12.3.rel1.linux64_1.0.100.202403111256/tools/bin/../lib/gcc/arm-none-eabi/12.3.1/../../../../arm-none-eabi/lib/thumb/v7e-m+fp/hard/libc_nano.a(libc_a-fprintf.o)
                0x08010d48                fprintf
                0x08010d48                fiprintf
 .text.abort    0x08010d6c        0xe /opt/st/stm32cubeide_1.15.1/plugins/com.st.stm32cube.ide.mcu.externaltools.gnu-tools-for-stm32.12.3.rel1.linux64_1.0.100.202403111256/tools/bin/../lib/gcc/arm-none-eabi/12.3.1/../../../../arm-none-eabi/lib/thumb/v7e-m+fp/hard/libc_nano.a(libc_a-abort.o)
                0x08010d6c                abort
 .text._malloc_usable_size_r
                0x08010d7a       0x10 /opt/st/stm32cubeide_1.15.1/plugins/com.st.stm32cube.ide.mcu.externaltools.gnu-tools-for-stm32.12.3.rel1.linux64_1.0.100.202403111256/tools/bin/../lib/gcc/arm-none-eabi/12.3.1/../../../../arm-none-eabi/lib/thumb/v7e-m+fp/hard/libc_nano.a(libc_a-msizer.o)
                0x08010d7a                _malloc_usable_size_r
 .text.__sfputc_r
                0x08010d8a       0x2e /opt/st/stm32cubeide_1.15.1/plugins/com.st.stm32cube.ide.mcu.externaltools.gnu-tools-for-stm32.12.3.rel1.linux64_1.0.100.202403111256/tools/bin/../lib/gcc/arm-none-eabi/12.3.1/../../../../arm-none-eabi/lib/thumb/v7e-m+fp/hard/libc_nano.a(libc_a-nano-vfprintf.o)
 .text.__sfputs_r
                0x08010db8       0x24 /opt/st/stm32cubeide_1.15.1/plugins/com.st.stm32cube.ide.mcu.externaltools.gnu-tools-for-stm32.12.3.rel1.linux64_1.0.100.202403111256/tools/bin/../lib/gcc/arm-none-eabi/12.3.1/../../../../arm-none-eabi/lib/thumb/v7e-m+fp/hard/libc_nano.a(libc_a-nano-vfprintf.o)
                0x08010db8                __sfputs_r
 .text._vfprintf_r
                0x08010ddc      0x230 /opt/st/stm32cubeide_1.15.1/plugins/com.st.stm32cube.ide.mcu.externaltools.gnu-tools-for-stm32.12.3.rel1.linux64_1.0.100.202403111256/tools/bin/../lib/gcc/arm-none-eabi/12.3.1/../../../../arm-none-eabi/lib/thumb/v7e-m+fp/hard/libc_nano.a(libc_a-nano-vfprintf.o)
                0x08010ddc                _vfiprintf_r
                0x08010ddc                _vfprintf_r
 .text.__swbuf_r
                0x0801100c       0x7c /opt/st/stm32cubeide_1.15.1/plugins/com.st.stm32cube.ide.mcu.externaltools.gnu-tools-for-stm32.12.3.rel1.linux64_1.0.100.202403111256/tools/bin/../lib/gcc/arm-none-eabi/12.3.1/../../../../arm-none-eabi/lib/thumb/v7e-m+fp/hard/libc_nano.a(libc_a-wbuf.o)
                0x0801100c                __swbuf_r
 .text.__swsetup_r
                0x08011088       0xac /opt/st/stm32cubeide_1.15.1/plugins/com.st.stm32cube.ide.mcu.externaltools.gnu-tools-for-stm32.12.3.rel1.linux64_1.0.100.202403111256/tools/bin/../lib/gcc/arm-none-eabi/12.3.1/../../../../arm-none-eabi/lib/thumb/v7e-m+fp/hard/libc_nano.a(libc_a-wsetup.o)
                0x08011088                __swsetup_r
 .text._raise_r
                0x08011134       0x50 /opt/st/stm32cubeide_1.15.1/plugins/com.st.stm32cube.ide.mcu.externaltools.gnu-tools-for-stm32.12.3.rel1.linux64_1.0.100.202403111256/tools/bin/../lib/gcc/arm-none-eabi/12.3.1/../../../../arm-none-eabi/lib/thumb/v7e-m+fp/hard/libc_nano.a(libc_a-signal.o)
                0x08011134                _raise_r
 .text.raise    0x08011184       0x10 /opt/st/stm32cubeide_1.15.1/plugins/com.st.stm32cube.ide.mcu.externaltools.gnu-tools-for-stm32.12.3.rel1.linux64_1.0.100.202403111256/tools/bin/../lib/gcc/arm-none-eabi/12.3.1/../../../../arm-none-eabi/lib/thumb/v7e-m+fp/hard/libc_nano.a(libc_a-signal.o)
                0x08011184                raise
 .text._kill_r  0x08011194       0x24 /opt/st/stm32cubeide_1.15.1/plugins/com.st.stm32cube.ide.mcu.externaltools.gnu-tools-for-stm32.12.3.rel1.linux64_1.0.100.202403111256/tools/bin/../lib/gcc/arm-none-eabi/12.3.1/../../../../arm-none-eabi/lib/thumb/v7e-m+fp/hard/libc_nano.a(libc_a-signalr.o)
                0x08011194                _kill_r
 .text._getpid_r
                0x080111b8        0x4 /opt/st/stm32cubeide_1.15.1/plugins/com.st.stm32cube.ide.mcu.externaltools.gnu-tools-for-stm32.12.3.rel1.linux64_1.0.100.202403111256/tools/bin/../lib/gcc/arm-none-eabi/12.3.1/../../../../arm-none-eabi/lib/thumb/v7e-m+fp/hard/libc_nano.a(libc_a-signalr.o)
                0x080111b8                _getpid_r
 .text.__swhatbuf_r
                0x080111bc       0x4c /opt/st/stm32cubeide_1.15.1/plugins/com.st.stm32cube.ide.mcu.externaltools.gnu-tools-for-stm32.12.3.rel1.linux64_1.0.100.202403111256/tools/bin/../lib/gcc/arm-none-eabi/12.3.1/../../../../arm-none-eabi/lib/thumb/v7e-m+fp/hard/libc_nano.a(libc_a-makebuf.o)
                0x080111bc                __swhatbuf_r
 .text.__smakebuf_r
                0x08011208       0x78 /opt/st/stm32cubeide_1.15.1/plugins/com.st.stm32cube.ide.mcu.externaltools.gnu-tools-for-stm32.12.3.rel1.linux64_1.0.100.202403111256/tools/bin/../lib/gcc/arm-none-eabi/12.3.1/../../../../arm-none-eabi/lib/thumb/v7e-m+fp/hard/libc_nano.a(libc_a-makebuf.o)
                0x08011208                __smakebuf_r
 .text._fstat_r
                0x08011280       0x24 /opt/st/stm32cubeide_1.15.1/plugins/com.st.stm32cube.ide.mcu.externaltools.gnu-tools-for-stm32.12.3.rel1.linux64_1.0.100.202403111256/tools/bin/../lib/gcc/arm-none-eabi/12.3.1/../../../../arm-none-eabi/lib/thumb/v7e-m+fp/hard/libc_nano.a(libc_a-fstatr.o)
                0x08011280                _fstat_r
 .text._isatty_r
                0x080112a4       0x20 /opt/st/stm32cubeide_1.15.1/plugins/com.st.stm32cube.ide.mcu.externaltools.gnu-tools-for-stm32.12.3.rel1.linux64_1.0.100.202403111256/tools/bin/../lib/gcc/arm-none-eabi/12.3.1/../../../../arm-none-eabi/lib/thumb/v7e-m+fp/hard/libc_nano.a(libc_a-isattyr.o)
                0x080112a4                _isatty_r