../Drivers/BME280/BME280.c:10:6:Error	8	static
../Drivers/BME280/BME280.c:15:13:I2Cx_WriteData	40	static
../Drivers/BME280/BME280.c:22:16:I2Cx_ReadData	40	static
../Drivers/BME280/BME280.c:31:13:I2Cx_ReadData16	40	static
../Drivers/BME280/BME280.c:38:13:I2Cx_ReadData24	40	static
../Drivers/BME280/BME280.c:45:6:BME280_WriteReg	16	static
../Drivers/BME280/BME280.c:50:9:BME280_ReadReg	24	static
../Drivers/BME280/BME280.c:56:6:BME280_ReadReg_U16	16	static
../Drivers/BME280/BME280.c:61:6:BME280_ReadReg_S16	16	static
../Drivers/BME280/BME280.c:66:6:BME280_ReadReg_BE_S16	16	static
../Drivers/BME280/BME280.c:72:6:BME280_ReadReg_U24	16	static
../Drivers/BME280/BME280.c:78:6:BME280_ReadReg_BE_U24	16	static
../Drivers/BME280/BME280.c:84:9:BME280_ReadStatus	16	static
../Drivers/BME280/BME280.c:91:6:BME280_ReadCoefficients	16	static
../Drivers/BME280/BME280.c:149:6:BME280_SetStandby	24	static
../Drivers/BME280/BME280.c:156:8:BME280_SetFilter	24	static
../Drivers/BME280/BME280.c:163:6:BME280_SetOversamplingTemper	24	static
../Drivers/BME280/BME280.c:171:6:BME280_SetOversamplingPressure	24	static
../Drivers/BME280/BME280.c:179:6:BME280_SetOversamplingHum	24	static
../Drivers/BME280/BME280.c:191:6:BME280_SetMode	24	static
../Drivers/BME280/BME280.c:198:7:BME280_ReadTemperature	24	static
../Drivers/BME280/BME280.c:216:7:BME280_ReadPressure	352	static
../Drivers/BME280/BME280.c:243:7:BME280_ReadHumidity	24	static
../Drivers/BME280/BME280.c:266:7:BME280_ReadAltitude	24	static
../Drivers/BME280/BME280.c:274:6:BME280_Init	16	static
