../Core/Src/ds3231_for_stm32_hal.c:17:6:DS3231_Init	16	static
../Core/Src/ds3231_for_stm32_hal.c:31:6:DS3231_SetRegByte	32	static
../Core/Src/ds3231_for_stm32_hal.c:41:9:DS3231_GetRegByte	32	static
../Core/Src/ds3231_for_stm32_hal.c:52:6:DS3231_EnableBatterySquareWave	24	static
../Core/Src/ds3231_for_stm32_hal.c:61:6:DS3231_SetInterruptMode	24	static
../Core/Src/ds3231_for_stm32_hal.c:70:6:DS3231_SetRateSelect	24	static
../Core/Src/ds3231_for_stm32_hal.c:79:6:DS3231_EnableOscillator	24	static
../Core/Src/ds3231_for_stm32_hal.c:88:6:DS3231_EnableAlarm2	24	static
../Core/Src/ds3231_for_stm32_hal.c:97:6:DS3231_ClearAlarm2Flag	16	static
../Core/Src/ds3231_for_stm32_hal.c:106:6:DS3231_SetAlarm2Minute	24	static
../Core/Src/ds3231_for_stm32_hal.c:116:6:DS3231_SetAlarm2Hour	24	static
../Core/Src/ds3231_for_stm32_hal.c:126:6:DS3231_SetAlarm2Date	24	static
../Core/Src/ds3231_for_stm32_hal.c:136:6:DS3231_SetAlarm2Day	24	static
../Core/Src/ds3231_for_stm32_hal.c:146:6:DS3231_SetAlarm2Mode	24	static
../Core/Src/ds3231_for_stm32_hal.c:160:6:DS3231_EnableAlarm1	24	static
../Core/Src/ds3231_for_stm32_hal.c:169:6:DS3231_ClearAlarm1Flag	16	static
../Core/Src/ds3231_for_stm32_hal.c:178:6:DS3231_SetAlarm1Second	24	static
../Core/Src/ds3231_for_stm32_hal.c:188:6:DS3231_SetAlarm1Minute	24	static
../Core/Src/ds3231_for_stm32_hal.c:198:6:DS3231_SetAlarm1Hour	24	static
../Core/Src/ds3231_for_stm32_hal.c:208:6:DS3231_SetAlarm1Date	24	static
../Core/Src/ds3231_for_stm32_hal.c:218:6:DS3231_SetAlarm1Day	24	static
../Core/Src/ds3231_for_stm32_hal.c:228:6:DS3231_SetAlarm1Mode	24	static
../Core/Src/ds3231_for_stm32_hal.c:244:9:DS3231_IsOscillatorStopped	8	static
../Core/Src/ds3231_for_stm32_hal.c:252:9:DS3231_Is32kHzEnabled	8	static
../Core/Src/ds3231_for_stm32_hal.c:260:9:DS3231_IsAlarm1Triggered	8	static
../Core/Src/ds3231_for_stm32_hal.c:268:9:DS3231_IsAlarm2Triggered	8	static
../Core/Src/ds3231_for_stm32_hal.c:276:9:DS3231_GetDayOfWeek	8	static
../Core/Src/ds3231_for_stm32_hal.c:284:9:DS3231_GetDate	8	static
../Core/Src/ds3231_for_stm32_hal.c:292:9:DS3231_GetMonth	8	static
../Core/Src/ds3231_for_stm32_hal.c:300:10:DS3231_GetYear	16	static
../Core/Src/ds3231_for_stm32_hal.c:310:9:DS3231_GetHour	8	static
../Core/Src/ds3231_for_stm32_hal.c:318:9:DS3231_GetMinute	8	static
../Core/Src/ds3231_for_stm32_hal.c:326:9:DS3231_GetSecond	8	static
../Core/Src/ds3231_for_stm32_hal.c:334:6:DS3231_SetDayOfWeek	16	static
../Core/Src/ds3231_for_stm32_hal.c:342:6:DS3231_SetDate	16	static
../Core/Src/ds3231_for_stm32_hal.c:350:6:DS3231_SetMonth	24	static
../Core/Src/ds3231_for_stm32_hal.c:359:6:DS3231_SetYear	24	static
../Core/Src/ds3231_for_stm32_hal.c:370:6:DS3231_SetHour	16	static
../Core/Src/ds3231_for_stm32_hal.c:378:6:DS3231_SetMinute	16	static
../Core/Src/ds3231_for_stm32_hal.c:386:6:DS3231_SetSecond	16	static
../Core/Src/ds3231_for_stm32_hal.c:396:6:DS3231_SetFullTime	16	static
../Core/Src/ds3231_for_stm32_hal.c:409:6:DS3231_SetFullDate	24	static
../Core/Src/ds3231_for_stm32_hal.c:421:9:DS3231_DecodeBCD	16	static
../Core/Src/ds3231_for_stm32_hal.c:430:9:DS3231_EncodeBCD	16	static
../Core/Src/ds3231_for_stm32_hal.c:438:6:DS3231_Enable32kHzOutput	24	static
../Core/Src/ds3231_for_stm32_hal.c:447:8:DS3231_GetTemperatureInteger	8	static
../Core/Src/ds3231_for_stm32_hal.c:455:9:DS3231_GetTemperatureFraction	8	static
