../Core/Src/freertos.c:222:6:MX_FREERTOS_Init	8	static
../Core/Src/freertos.c:280:6:StartReadBattVoltageTask	16	static
../Core/Src/freertos.c:309:6:StartRenderUITask	16	static
../Core/Src/freertos.c:374:6:StartPollKeypadTask	16	static
../Core/Src/freertos.c:400:6:StartReadBMEValuesTask	16	static
../Core/Src/freertos.c:432:6:StartReadDateTimeTask	16	static
../Core/Src/freertos.c:457:6:StartBlinkStatusLEDTask	16	static
../Core/Src/freertos.c:472:13:showBatteryMenuVolts	16	static
../Core/Src/freertos.c:485:13:showBatteryMenuPercent	16	static
../Core/Src/freertos.c:499:13:showTemperatureMenu	16	static
../Core/Src/freertos.c:513:13:showTemperatureMenuF	16	static
../Core/Src/freertos.c:527:13:showTimeMenu	16	static
../Core/Src/freertos.c:542:13:showSetTimeMenu	16	static
../Core/Src/freertos.c:629:13:showHumidityMenu	16	static
../Core/Src/freertos.c:643:13:showAltitudeMenu	16	static
../Core/Src/freertos.c:657:13:showPressureMenuHPA	16	static
../Core/Src/freertos.c:672:13:showPressureMenuMMHG	16	static
../Core/Src/freertos.c:686:13:showSettingsMenu	16	static
../Core/Src/freertos.c:707:13:makeBeepSound	8	static
../Core/Src/freertos.c:718:13:setNewTime	8	static
../Core/Src/freertos.c:728:13:processKey	16	static
