../Core/Src/freertos.c:188:6:MX_FREERTOS_Init	8	static
../Core/Src/freertos.c:246:6:StartReadBattVoltageTask	16	static
../Core/Src/freertos.c:274:6:StartRenderUITask	16	static
../Core/Src/freertos.c:327:6:StartPollKeypadTask	16	static
../Core/Src/freertos.c:359:6:StartReadBMEValuesTask	16	static
../Core/Src/freertos.c:391:6:StartReadDateTimeTask	16	static
../Core/Src/freertos.c:416:6:StartBlinkStatusLEDTask	16	static
../Core/Src/freertos.c:431:13:showBatteryMenuVolts	16	static
../Core/Src/freertos.c:444:13:showBatteryMenuPercent	16	static
../Core/Src/freertos.c:457:13:showTemperatureMenu	16	static
../Core/Src/freertos.c:471:13:showTemperatureMenuF	16	static
../Core/Src/freertos.c:485:13:showTimeMenu	16	static
../Core/Src/freertos.c:500:13:showHumidityMenu	16	static
../Core/Src/freertos.c:514:13:showAltitudeMenu	16	static
../Core/Src/freertos.c:528:13:showPressureMenuHPA	16	static
../Core/Src/freertos.c:544:13:showPressureMenuMMHG	16	static
../Core/Src/freertos.c:558:13:processKey	16	static
