../Core/Src/freertos.c:213:6:MX_FREERTOS_Init	8	static
../Core/Src/freertos.c:271:6:StartReadBattVoltageTask	16	static
../Core/Src/freertos.c:300:6:StartRenderUITask	16	static
../Core/Src/freertos.c:365:6:StartPollKeypadTask	16	static
../Core/Src/freertos.c:391:6:StartReadBMEValuesTask	16	static
../Core/Src/freertos.c:423:6:StartReadDateTimeTask	16	static
../Core/Src/freertos.c:448:6:StartBlinkStatusLEDTask	16	static
../Core/Src/freertos.c:463:13:showBatteryMenuVolts	16	static
../Core/Src/freertos.c:476:13:showBatteryMenuPercent	16	static
../Core/Src/freertos.c:490:13:showTemperatureMenu	16	static
../Core/Src/freertos.c:504:13:showTemperatureMenuF	16	static
../Core/Src/freertos.c:518:13:showTimeMenu	16	static
../Core/Src/freertos.c:533:13:showSetTimeMenu	16	static
../Core/Src/freertos.c:602:13:showHumidityMenu	16	static
../Core/Src/freertos.c:616:13:showAltitudeMenu	16	static
../Core/Src/freertos.c:630:13:showPressureMenuHPA	16	static
../Core/Src/freertos.c:645:13:showPressureMenuMMHG	16	static
../Core/Src/freertos.c:659:13:showSettingsMenu	16	static
../Core/Src/freertos.c:680:13:makeBeepSound	8	static
../Core/Src/freertos.c:691:13:processKey	16	static
