../Core/Src/freertos.c:189:6:MX_FREERTOS_Init	8	static
../Core/Src/freertos.c:247:6:StartReadBattVoltageTask	16	static
../Core/Src/freertos.c:276:6:StartRenderUITask	16	static
../Core/Src/freertos.c:329:6:StartPollKeypadTask	16	static
../Core/Src/freertos.c:361:6:StartReadBMEValuesTask	16	static
../Core/Src/freertos.c:393:6:StartReadDateTimeTask	16	static
../Core/Src/freertos.c:418:6:StartBlinkStatusLEDTask	16	static
../Core/Src/freertos.c:433:13:showBatteryMenuVolts	16	static
../Core/Src/freertos.c:446:13:showBatteryMenuPercent	16	static
../Core/Src/freertos.c:460:13:showTemperatureMenu	16	static
../Core/Src/freertos.c:474:13:showTemperatureMenuF	16	static
../Core/Src/freertos.c:488:13:showTimeMenu	16	static
../Core/Src/freertos.c:503:13:showHumidityMenu	16	static
../Core/Src/freertos.c:517:13:showAltitudeMenu	16	static
../Core/Src/freertos.c:531:13:showPressureMenuHPA	16	static
../Core/Src/freertos.c:547:13:showPressureMenuMMHG	16	static
../Core/Src/freertos.c:561:13:processKey	16	static
