../Core/Src/freertos.c:224:6:MX_FREERTOS_Init	8	static
../Core/Src/freertos.c:282:6:StartReadBattVoltageTask	16	static
../Core/Src/freertos.c:311:6:StartRenderUITask	16	static
../Core/Src/freertos.c:376:6:StartPollKeypadTask	16	static
../Core/Src/freertos.c:402:6:StartReadBMEValuesTask	16	static
../Core/Src/freertos.c:434:6:StartReadDateTimeTask	16	static
../Core/Src/freertos.c:459:6:StartBlinkStatusLEDTask	16	static
../Core/Src/freertos.c:474:13:showBatteryMenuVolts	16	static
../Core/Src/freertos.c:487:13:showBatteryMenuPercent	16	static
../Core/Src/freertos.c:501:13:showTemperatureMenu	16	static
../Core/Src/freertos.c:515:13:showTemperatureMenuF	16	static
../Core/Src/freertos.c:529:13:showTimeMenu	16	static
../Core/Src/freertos.c:544:13:showSetTimeMenu	16	static
../Core/Src/freertos.c:623:13:showHumidityMenu	16	static
../Core/Src/freertos.c:637:13:showAltitudeMenu	16	static
../Core/Src/freertos.c:651:13:showPressureMenuHPA	16	static
../Core/Src/freertos.c:666:13:showPressureMenuMMHG	16	static
../Core/Src/freertos.c:680:13:showSettingsMenu	16	static
../Core/Src/freertos.c:701:13:makeBeepSound	8	static
../Core/Src/freertos.c:714:13:setNewTime	8	static
../Core/Src/freertos.c:724:13:processKey	16	static
