../Core/Src/freertos.c:220:6:MX_FREERTOS_Init	8	static
../Core/Src/freertos.c:278:6:StartReadBattVoltageTask	16	static
../Core/Src/freertos.c:307:6:StartRenderUITask	16	static
../Core/Src/freertos.c:372:6:StartPollKeypadTask	16	static
../Core/Src/freertos.c:398:6:StartReadBMEValuesTask	16	static
../Core/Src/freertos.c:430:6:StartReadDateTimeTask	16	static
../Core/Src/freertos.c:455:6:StartBlinkStatusLEDTask	16	static
../Core/Src/freertos.c:470:13:showBatteryMenuVolts	16	static
../Core/Src/freertos.c:483:13:showBatteryMenuPercent	16	static
../Core/Src/freertos.c:497:13:showTemperatureMenu	16	static
../Core/Src/freertos.c:511:13:showTemperatureMenuF	16	static
../Core/Src/freertos.c:525:13:showTimeMenu	16	static
../Core/Src/freertos.c:540:13:showSetTimeMenu	16	static
../Core/Src/freertos.c:627:13:showHumidityMenu	16	static
../Core/Src/freertos.c:641:13:showAltitudeMenu	16	static
../Core/Src/freertos.c:655:13:showPressureMenuHPA	16	static
../Core/Src/freertos.c:670:13:showPressureMenuMMHG	16	static
../Core/Src/freertos.c:684:13:showSettingsMenu	16	static
../Core/Src/freertos.c:705:13:makeBeepSound	8	static
../Core/Src/freertos.c:716:13:processKey	16	static
