../Core/Src/freertos.c:191:6:MX_FREERTOS_Init	8	static
../Core/Src/freertos.c:248:6:StartReadBattVoltageTask	16	static
../Core/Src/freertos.c:277:6:StartRenderUITask	16	static
../Core/Src/freertos.c:315:6:StartPollKeypadTask	16	static
../Core/Src/freertos.c:378:6:StartReadBMEValuesTask	16	static
../Core/Src/freertos.c:410:6:StartReadDateTimeTask	16	static
../Core/Src/freertos.c:431:6:StartBlinkStatusLEDTask	16	static
../Core/Src/freertos.c:446:6:showBatteryMenu	16	static
../Core/Src/freertos.c:455:6:showTemperatureMenu	16	static
../Core/Src/freertos.c:464:6:showTimeMenu	16	static
../Core/Src/freertos.c:473:6:showHumidityMenu	16	static
../Core/Src/freertos.c:483:6:showErrorMenu	16	static
