../Core/Src/freertos.c:208:6:MX_FREERTOS_Init	8	static
../Core/Src/freertos.c:266:6:StartReadBattVoltageTask	16	static
../Core/Src/freertos.c:295:6:StartRenderUITask	16	static
../Core/Src/freertos.c:359:6:StartPollKeypadTask	16	static
../Core/Src/freertos.c:385:6:StartReadBMEValuesTask	16	static
../Core/Src/freertos.c:417:6:StartReadDateTimeTask	16	static
../Core/Src/freertos.c:442:6:StartBlinkStatusLEDTask	16	static
../Core/Src/freertos.c:457:13:showBatteryMenuVolts	16	static
../Core/Src/freertos.c:470:13:showBatteryMenuPercent	16	static
../Core/Src/freertos.c:484:13:showTemperatureMenu	16	static
../Core/Src/freertos.c:498:13:showTemperatureMenuF	16	static
../Core/Src/freertos.c:512:13:showTimeMenu	16	static
../Core/Src/freertos.c:527:13:showSetTimeMenu	16	static
../Core/Src/freertos.c:550:13:showHumidityMenu	16	static
../Core/Src/freertos.c:564:13:showAltitudeMenu	16	static
../Core/Src/freertos.c:578:13:showPressureMenuHPA	16	static
../Core/Src/freertos.c:593:13:showPressureMenuMMHG	16	static
../Core/Src/freertos.c:607:13:makeBeepSound	8	static
../Core/Src/freertos.c:615:13:processKey	16	static
